MPLINK 5.00, LINKER
Linker Map File - Created Wed Mar 13 20:54:10 2019

                                 Section Info
                  Section       Type    Address   Location Size(Bytes)
                ---------  ---------  ---------  ---------  ---------
    REMAPPED_RESET_VECTOR       code   0x001000    program   0x000006
REMAPPED_HIGH_INTERRUPT_VECTOR       code   0x001008    program   0x000006
REMAPPED_LOW_INTERRUPT_VECTOR       code   0x001018    program   0x000006
                   .cinit    romdata   0x00102a    program   0x000032
              .code_UBW.o       code   0x00105c    program   0x002536
              .code_ebb.o       code   0x003592    program   0x002506
       .code_usb_device.o       code   0x005a98    program   0x000da4
         .code_vfprintf.o       code   0x00683c    program   0x000c22
                     PROG       code   0x00745e    program   0x0005ea
             .stringtable    romdata   0x007a48    program   0x0005da
             .code_sqrt.o       code   0x008022    program   0x000442
 .code_usb_function_cdc.o       code   0x008464    program   0x0003fc
         .code_RCServo2.o       code   0x008860    program   0x00038c
              .code_spi.o       code   0x008bec    program   0x00030a
  .code_WriteBytesFlash.o       code   0x008ef6    program   0x0001de
             .code_main.o       code   0x0090d4    program   0x000148
            .code_ldexp.o       code   0x00921c    program   0x000138
         .code_UnpkMath.o       code   0x009354    program   0x00011c
         .code_PackMath.o       code   0x009470    program   0x00011a
       .code_EraseFlash.o       code   0x00958a    program   0x0000f8
               _cinit_scn       code   0x009682    program   0x00009e
                   STRING       code   0x009720    program   0x00009a
           .code_printf.o       code   0x0097ba    program   0x000098
        .code_ReadFlash.o       code   0x009852    program   0x000092
             .code_putc.o       code   0x0098e4    program   0x000084
          .code_fxm3232.o       code   0x009968    program   0x000070
.romdata_usb_descriptors.o    romdata   0x0099d8    program   0x000057
       .idata_fxm3232.o_i    romdata   0x009a2f    program   0x000000
      .romdata_fxd1616u.o    romdata   0x009a2f    program   0x000000
.idata_usb_function_cdc.o_i    romdata   0x009a2f    program   0x000000
.romdata_usb_function_cdc.o    romdata   0x009a2f    program   0x000000
          .romdata_sqrt.o    romdata   0x009a2f    program   0x000000
      .romdata_PackMath.o    romdata   0x009a2f    program   0x000000
       .idata_pow2x16.o_i    romdata   0x009a2f    program   0x000000
         .romdata_ldexp.o    romdata   0x009a2f    program   0x000000
           .idata_spi.o_i    romdata   0x009a2f    program   0x000000
      .romdata_UnpkMath.o    romdata   0x009a2f    program   0x000000
         .romdata_c018i.o    romdata   0x009a2f    program   0x000000
.idata_WriteBytesFlash.o_i    romdata   0x009a2f    program   0x000000
        .romdata_printf.o    romdata   0x009a2f    program   0x000000
         .idata_errno.o_i    romdata   0x009a2f    program   0x000000
      .idata_RCServo2.o_i    romdata   0x009a2f    program   0x000000
  .code_usb_descriptors.o       code   0x009a30    program   0x000000
            .code_c018i.o       code   0x009a30    program   0x000000
                    CTYPE       code   0x009a30    program   0x00004c
         .code_fxd3232u.o       code   0x009a7c    program   0x000048
         .code_fxd1616u.o       code   0x009ac4    program   0x00002c
           .romdata_UBW.o    romdata   0x009af0    program   0x000029
      .idata_PackMath.o_i    romdata   0x009b19    program   0x000000
      .idata_UnpkMath.o_i    romdata   0x009b19    program   0x000000
         .romdata_errno.o    romdata   0x009b19    program   0x000000
       .romdata_pow2x16.o    romdata   0x009b19    program   0x000000
          .idata_putc.o_i    romdata   0x009b19    program   0x000000
         .idata_c018i.o_i    romdata   0x009b19    program   0x000000
        .romdata___init.o    romdata   0x009b19    program   0x000000
    .romdata_usb_device.o    romdata   0x009b19    program   0x000000
    .idata_usb_device.o_i    romdata   0x009b19    program   0x000000
          .idata_main.o_i    romdata   0x009b19    program   0x000000
     .romdata_ReadFlash.o    romdata   0x009b19    program   0x000000
           .romdata_spi.o    romdata   0x009b19    program   0x000000
       .romdata_fxm3232.o    romdata   0x009b19    program   0x000000
    .romdata_EraseFlash.o    romdata   0x009b19    program   0x000000
      .idata_fxd3232u.o_i    romdata   0x009b19    program   0x000000
           .code_stdout.o       code   0x009b1a    program   0x000000
                    .code       code   0x009b1a    program   0x000020
             _startup_scn       code   0x009b3a    program   0x00001c
                    STDIO       code   0x009b56    program   0x00001c
          .code_pow2x16.o       code   0x009b72    program   0x000016
      .romdata_vfprintf.o    romdata   0x009b88    program   0x000011
      .idata_vfprintf.o_i    romdata   0x009b99    program   0x000000
        .idata___init.o_i    romdata   0x009b99    program   0x000000
        .romdata_stdout.o    romdata   0x009b99    program   0x000000
        .idata_printf.o_i    romdata   0x009b99    program   0x000000
           .romdata_ebb.o    romdata   0x009b99    program   0x000000
.romdata_WriteBytesFlash.o    romdata   0x009b99    program   0x000000
         .idata_ldexp.o_i    romdata   0x009b99    program   0x000000
          .romdata_putc.o    romdata   0x009b99    program   0x000000
          .romdata_main.o    romdata   0x009b99    program   0x000000
      .romdata_RCServo2.o    romdata   0x009b99    program   0x000000
          .idata_sqrt.o_i    romdata   0x009b99    program   0x000000
     .idata_ReadFlash.o_i    romdata   0x009b99    program   0x000000
    .idata_EraseFlash.o_i    romdata   0x009b99    program   0x000000
      .idata_fxd1616u.o_i    romdata   0x009b99    program   0x000000
      .romdata_fxd3232u.o    romdata   0x009b99    program   0x000000
            .code_errno.o       code   0x009b9a    program   0x000000
           .code___init.o       code   0x009b9a    program   0x000002
.idata_usb_descriptors.o_i    romdata   0x009b9c    program   0x00007e
        .idata_stdout.o_i    romdata   0x009c1a    program   0x000002
           .idata_ebb.o_i    romdata   0x009c1c    program   0x000009
           .idata_UBW.o_i    romdata   0x009c25    program   0x0000ea
                 .tmpdata      udata   0x000000       data   0x000034
                MATH_DATA      udata   0x000034       data   0x000014
              low_ISR_tmp      udata   0x000048       data   0x000004
             high_ISR_tmp      udata   0x00004c       data   0x000004
                  ISR_buf      udata   0x000100       data   0x000020
.udata_usb_function_cdc.o      udata   0x000120       data   0x0000a8
      .udata_usb_device.o      udata   0x0001c8       data   0x000034
           .udata_errno.o      udata   0x0001fc       data   0x000002
          .idata_stdout.o      idata   0x0001fe       data   0x000002
               com_tx_buf      udata   0x000200       data   0x000080
 .idata_usb_descriptors.o      idata   0x000280       data   0x00007e
            .udata_main.o      udata   0x0002fe       data   0x000002
               com_rx_buf      udata   0x000300       data   0x000100
                  USB_BDT      udata   0x000400       data   0x000078
             .udata_UBW.o      udata   0x000478       data   0x00002b
             .idata_UBW.o      idata   0x000500       data   0x0000ea
             .idata_ebb.o      idata   0x0005ea       data   0x000009
 .udata_WriteBytesFlash.o      udata   0x0005f3       data   0x000000
       .idata_ReadFlash.o      idata   0x0005f3       data   0x000000
       .udata_ReadFlash.o      udata   0x0005f3       data   0x000000
         .idata_fxm3232.o      idata   0x0005f3       data   0x000000
         .udata_fxm3232.o      udata   0x0005f3       data   0x000000
        .idata_fxd3232u.o      idata   0x0005f3       data   0x000000
        .udata_fxd3232u.o      udata   0x0005f3       data   0x000000
      .idata_EraseFlash.o      idata   0x0005f3       data   0x000000
      .udata_EraseFlash.o      udata   0x0005f3       data   0x000000
        .idata_PackMath.o      idata   0x0005f3       data   0x000000
 .idata_WriteBytesFlash.o      idata   0x0005f3       data   0x000000
          .udata___init.o      udata   0x0005f3       data   0x000000
          .idata___init.o      idata   0x0005f3       data   0x000000
         .udata_pow2x16.o      udata   0x0005f3       data   0x000000
         .idata_pow2x16.o      idata   0x0005f3       data   0x000000
          .udata_printf.o      udata   0x0005f3       data   0x000000
          .idata_printf.o      idata   0x0005f3       data   0x000000
            .udata_sqrt.o      udata   0x0005f3       data   0x000000
            .idata_sqrt.o      idata   0x0005f3       data   0x000000
        .udata_fxd1616u.o      udata   0x0005f3       data   0x000000
        .udata_PackMath.o      udata   0x0005f3       data   0x000000
.idata_usb_function_cdc.o      idata   0x0005f3       data   0x000000
            .idata_main.o      idata   0x0005f3       data   0x000000
            .idata_putc.o      idata   0x0005f3       data   0x000000
        .idata_RCServo2.o      idata   0x0005f3       data   0x000000
      .idata_usb_device.o      idata   0x0005f3       data   0x000000
 .udata_usb_descriptors.o      udata   0x0005f3       data   0x000000
             .udata_spi.o      udata   0x0005f3       data   0x000000
             .idata_spi.o      idata   0x0005f3       data   0x000000
            .udata_putc.o      udata   0x0005f3       data   0x000000
        .idata_vfprintf.o      idata   0x0005f3       data   0x000000
        .udata_vfprintf.o      udata   0x0005f3       data   0x000000
           .idata_c018i.o      idata   0x0005f3       data   0x000000
          .udata_stdout.o      udata   0x0005f3       data   0x000000
           .idata_ldexp.o      idata   0x0005f3       data   0x000000
           .udata_ldexp.o      udata   0x0005f3       data   0x000000
           .idata_errno.o      idata   0x0005f3       data   0x000000
        .idata_fxd1616u.o      idata   0x0005f3       data   0x000000
        .idata_UnpkMath.o      idata   0x0005f3       data   0x000000
        .udata_UnpkMath.o      udata   0x0005f3       data   0x000000
             .udata_ebb.o      udata   0x000600       data   0x0000e5
                   .stack      udata   0x000d00       data   0x000100
        .udata_RCServo2.o      udata   0x000e00       data   0x0000b6
           .udata_c018i.o      udata   0x000eb6       data   0x00000a
              SFR_BANKED0      udata   0x000ec6       data   0x00000e
              SFR_BANKED1      udata   0x000ed7       data   0x000008
              SFR_BANKED2      udata   0x000ee7       data   0x000004
              SFR_BANKED3      udata   0x000eec       data   0x000003
              SFR_BANKED4      udata   0x000ef2       data   0x000002
              SFR_BANKED5      udata   0x000ef6       data   0x000002
              SFR_BANKED6      udata   0x000efb       data   0x000005
              SFR_BANKED7      udata   0x000f26       data   0x000014
              SFR_BANKED8      udata   0x000f3c       data   0x000007
              SFR_BANKED9      udata   0x000f48       data   0x000008
             SFR_BANKED10      udata   0x000f52       data   0x00000e
            SFR_UNBANKED0      udata   0x000f60       data   0x0000a0



                              Program Memory Usage 
                               Start         End      
                           ---------   ---------      
                            0x001000    0x001005      
                            0x001008    0x00100d      
                            0x001018    0x00101d      
                            0x00102a    0x009a2e      
                            0x009a30    0x009b18      
                            0x009b1a    0x009b98      
                            0x009b9a    0x009d0e      
            36084 out of 63498 program addresses used, program memory utilization is 56%



                              Symbols - Sorted by Name
                     Name    Address   Location    Storage File                     
                ---------  ---------  ---------  --------- ---------                
          AnalogConfigure   0x001e90    program     extern D:\Projects\EggBot-GH\EBB_firmware\app.X\source\UBW.c
           BlinkUSBStatus   0x002ee8    program     extern D:\Projects\EggBot-GH\EBB_firmware\app.X\source\UBW.c
                CDCInitEP   0x008500    program     extern D:\Projects\EggBot-GH\EBB_firmware\Microchip\USB\CDC Device Driver\usb_function_cdc.c
             CDCTxService   0x0086a2    program     extern D:\Projects\EggBot-GH\EBB_firmware\Microchip\USB\CDC Device Driver\usb_function_cdc.c
                   D1616S   0x007908    program     static E:\3.46\pic18-lt\cxx-framework\src\traditional\math\fxd1616s.asm
                D1616SNEG   0x007916    program     static E:\3.46\pic18-lt\cxx-framework\src\traditional\math\fxd1616s.asm
                 D1616SOK   0x007912    program     static E:\3.46\pic18-lt\cxx-framework\src\traditional\math\fxd1616s.asm
                  D1616SX   0x007928    program     static E:\3.46\pic18-lt\cxx-framework\src\traditional\math\fxd1616s.asm
                  DA1616S   0x0078f8    program     static E:\3.46\pic18-lt\cxx-framework\src\traditional\math\fxd1616s.asm
                 EBB_Init   0x00381e    program     extern D:\Projects\EggBot-GH\EBB_firmware\app.X\source\ebb.c
               EraseFlash   0x00958a    program     extern E:\3.46\pic18-lt\cxx-framework\src\pmc_common\Flash\EraseFlash.c
                 FLO1632S   0x007462    program     extern E:\3.46\pic18-lt\cxx-framework\src\traditional\math\cast16FP.asm
                 FLO1632U   0x00745e    program     extern E:\3.46\pic18-lt\cxx-framework\src\traditional\math\cast16FP.asm
                 FLO3232S   0x00748c    program     extern E:\3.46\pic18-lt\cxx-framework\src\traditional\math\cast32FP.asm
                 FLO3232U   0x007488    program     extern E:\3.46\pic18-lt\cxx-framework\src\traditional\math\cast32FP.asm
                    FPA32   0x007640    program     extern E:\3.46\pic18-lt\cxx-framework\src\traditional\math\addFP.asm
                    FPD32   0x0074be    program     extern E:\3.46\pic18-lt\cxx-framework\src\traditional\math\divFP.asm
                    FPM32   0x007564    program     extern E:\3.46\pic18-lt\cxx-framework\src\traditional\math\mulFP.asm
                    FPS32   0x00763e    program     extern E:\3.46\pic18-lt\cxx-framework\src\traditional\math\addFP.asm
                 FXD1616S   0x0078e6    program     extern E:\3.46\pic18-lt\cxx-framework\src\traditional\math\fxd1616s.asm
                 FXD1616U   0x009ac4    program     extern E:\3.46\pic18-lt\cxx-framework\src\traditional\math\fxd1616u.c
                 FXD3232U   0x009a7c    program     extern E:\3.46\pic18-lt\cxx-framework\src\traditional\math\fxd3232u.c
                 FXM1616S   0x0079ee    program     extern E:\3.46\pic18-lt\cxx-framework\src\traditional\math\fxm1616s.asm
                  FXM3232   0x009968    program     extern E:\3.46\pic18-lt\cxx-framework\src\traditional\math\fxm3232.c
                  INT3232   0x00776c    program     extern E:\3.46\pic18-lt\cxx-framework\src\traditional\math\castFP32.asm
         InitializeSystem   0x0090e0    program     static D:\Projects\EggBot-GH\EBB_firmware\app.X\source\main.c
                LongDelay   0x002584    program     extern D:\Projects\EggBot-GH\EBB_firmware\app.X\source\UBW.c
                ProcessIO   0x00152c    program     extern D:\Projects\EggBot-GH\EBB_firmware\app.X\source\UBW.c
            RCServo2_Init   0x008860    program     extern D:\Projects\EggBot-GH\EBB_firmware\app.X\source\RCServo2.c
            RCServo2_Move   0x0089f6    program     extern D:\Projects\EggBot-GH\EBB_firmware\app.X\source\RCServo2.c
      RCServo2_S2_command   0x00894c    program     extern D:\Projects\EggBot-GH\EBB_firmware\app.X\source\RCServo2.c
RCServo2_get_channel_from_RPn   0x00890e    program     extern D:\Projects\EggBot-GH\EBB_firmware\app.X\source\RCServo2.c
                ReadFlash   0x009852    program     extern E:\3.46\pic18-lt\cxx-framework\src\pmc_common\Flash\ReadFlash.c
        Remapped_High_ISR   0x001008    program     extern D:\Projects\EggBot-GH\EBB_firmware\app.X\source\main.c
         Remapped_Low_ISR   0x001018    program     extern D:\Projects\EggBot-GH\EBB_firmware\app.X\source\main.c
         SetPinLATFromRPn   0x002fc4    program     extern D:\Projects\EggBot-GH\EBB_firmware\app.X\source\UBW.c
        SetPinTRISFromRPn   0x003020    program     extern D:\Projects\EggBot-GH\EBB_firmware\app.X\source\UBW.c
                  TALTB32   0x007932    program     extern E:\3.46\pic18-lt\cxx-framework\src\traditional\math\ltFP.asm
               TSIGN1616A   0x007a3a    program     static E:\3.46\pic18-lt\cxx-framework\src\traditional\math\fxm1616s.asm
       USBCBCheckOtherReq   0x009128    program     extern D:\Projects\EggBot-GH\EBB_firmware\app.X\source\main.c
        USBCBErrorHandler   0x009126    program     extern D:\Projects\EggBot-GH\EBB_firmware\app.X\source\main.c
              USBCBInitEP   0x00912e    program     extern D:\Projects\EggBot-GH\EBB_firmware\app.X\source\main.c
          USBCBSendResume   0x009132    program     extern D:\Projects\EggBot-GH\EBB_firmware\app.X\source\main.c
    USBCBStdSetDscHandler   0x00912c    program     extern D:\Projects\EggBot-GH\EBB_firmware\app.X\source\main.c
             USBCBSuspend   0x009120    program     extern D:\Projects\EggBot-GH\EBB_firmware\app.X\source\main.c
     USBCBWakeFromSuspend   0x009122    program     extern D:\Projects\EggBot-GH\EBB_firmware\app.X\source\main.c
        USBCB_SOF_Handler   0x009124    program     extern D:\Projects\EggBot-GH\EBB_firmware\app.X\source\main.c
       USBCDCEventHandler   0x00854a    program     extern D:\Projects\EggBot-GH\EBB_firmware\Microchip\USB\CDC Device Driver\usb_function_cdc.c
              USBCancelIO   0x005dd0    program     extern D:\Projects\EggBot-GH\EBB_firmware\Microchip\USB\usb_device.c
       USBCheckCDCRequest   0x008464    program     extern D:\Projects\EggBot-GH\EBB_firmware\Microchip\USB\CDC Device Driver\usb_function_cdc.c
       USBCheckStdRequest   0x006400    program     static D:\Projects\EggBot-GH\EBB_firmware\Microchip\USB\usb_device.c
     USBConfigureEndpoint   0x005ea0    program     static D:\Projects\EggBot-GH\EBB_firmware\Microchip\USB\usb_device.c
  USBCtrlEPAllowDataStage   0x005e60    program     extern D:\Projects\EggBot-GH\EBB_firmware\Microchip\USB\usb_device.c
USBCtrlEPAllowStatusStage   0x005e0a    program     extern D:\Projects\EggBot-GH\EBB_firmware\Microchip\USB\usb_device.c
         USBCtrlEPService   0x00629e    program     static D:\Projects\EggBot-GH\EBB_firmware\Microchip\USB\usb_device.c
 USBCtrlEPServiceComplete   0x005ef2    program     static D:\Projects\EggBot-GH\EBB_firmware\Microchip\USB\usb_device.c
      USBCtrlTrfInHandler   0x006388    program     static D:\Projects\EggBot-GH\EBB_firmware\Microchip\USB\usb_device.c
     USBCtrlTrfOutHandler   0x00636a    program     static D:\Projects\EggBot-GH\EBB_firmware\Microchip\USB\usb_device.c
      USBCtrlTrfRxService   0x005fc8    program     static D:\Projects\EggBot-GH\EBB_firmware\Microchip\USB\usb_device.c
   USBCtrlTrfSetupHandler   0x00632a    program     static D:\Projects\EggBot-GH\EBB_firmware\Microchip\USB\usb_device.c
      USBCtrlTrfTxService   0x005f4c    program     static D:\Projects\EggBot-GH\EBB_firmware\Microchip\USB\usb_device.c
            USBDeviceInit   0x005a98    program     extern D:\Projects\EggBot-GH\EBB_firmware\Microchip\USB\usb_device.c
           USBDeviceTasks   0x005b6c    program     extern D:\Projects\EggBot-GH\EBB_firmware\Microchip\USB\usb_device.c
        USBEnableEndpoint   0x005ce8    program     extern D:\Projects\EggBot-GH\EBB_firmware\Microchip\USB\usb_device.c
         USBStallEndpoint   0x005da8    program     extern D:\Projects\EggBot-GH\EBB_firmware\Microchip\USB\usb_device.c
          USBStallHandler   0x006238    program     static D:\Projects\EggBot-GH\EBB_firmware\Microchip\USB\usb_device.c
  USBStdFeatureReqHandler   0x0064b2    program     static D:\Projects\EggBot-GH\EBB_firmware\Microchip\USB\usb_device.c
      USBStdGetDscHandler   0x006126    program     static D:\Projects\EggBot-GH\EBB_firmware\Microchip\USB\usb_device.c
   USBStdGetStatusHandler   0x0061cc    program     static D:\Projects\EggBot-GH\EBB_firmware\Microchip\USB\usb_device.c
      USBStdSetCfgHandler   0x006088    program     static D:\Projects\EggBot-GH\EBB_firmware\Microchip\USB\usb_device.c
               USBSuspend   0x00625a    program     static D:\Projects\EggBot-GH\EBB_firmware\Microchip\USB\usb_device.c
     USBTransferOnePacket   0x005d26    program     extern D:\Projects\EggBot-GH\EBB_firmware\Microchip\USB\usb_device.c
       USBWakeFromSuspend   0x00627a    program     static D:\Projects\EggBot-GH\EBB_firmware\Microchip\USB\usb_device.c
               USB_CD_Ptr   0x009a2d    program     extern D:\Projects\EggBot-GH\EBB_firmware\app.X\source\usb_descriptors.c
USER_USB_CALLBACK_EVENT_HANDLER   0x009176    program     extern D:\Projects\EggBot-GH\EBB_firmware\app.X\source\main.c
                 UserInit   0x0013f6    program     extern D:\Projects\EggBot-GH\EBB_firmware\app.X\source\UBW.c
          WriteBytesFlash   0x008ef6    program     extern E:\3.46\pic18-lt\cxx-framework\src\pmc_common\Flash\WriteBytesFlash.c
              _2jContinue   0x009740    program     static E:\3.46\pic18-lt\cxx-framework\src\traditional\stdclib\memset.asm
                   _2jEnd   0x0097a4    program     static E:\3.46\pic18-lt\cxx-framework\src\traditional\stdclib\slenpgm.asm
                   _3jEnd   0x00974a    program     static E:\3.46\pic18-lt\cxx-framework\src\traditional\stdclib\memset.asm
                _PackMath   0x009470    program     extern E:\3.46\pic18-lt\cxx-framework\src\traditional\stdclib\PackMath.c
                _UnpkMath   0x009354    program     extern E:\3.46\pic18-lt\cxx-framework\src\traditional\stdclib\UnpkMath.c
              __FpCompare   0x007944    program     extern E:\3.46\pic18-lt\cxx-framework\src\traditional\math\compFP.asm
                 __FpExit   0x0077e6    program     extern E:\3.46\pic18-lt\cxx-framework\src\traditional\math\packFP.asm
                 __FpPack   0x007812    program     extern E:\3.46\pic18-lt\cxx-framework\src\traditional\math\packFP.asm
            __FpReturnNaN   0x0077da    program     extern E:\3.46\pic18-lt\cxx-framework\src\traditional\math\packFP.asm
         __FpReturnNegInf   0x0077ec    program     extern E:\3.46\pic18-lt\cxx-framework\src\traditional\math\packFP.asm
        __FpReturnNegZero   0x007804    program     extern E:\3.46\pic18-lt\cxx-framework\src\traditional\math\packFP.asm
         __FpReturnPosInf   0x0077f2    program     extern E:\3.46\pic18-lt\cxx-framework\src\traditional\math\packFP.asm
        __FpReturnPosZero   0x00780c    program     extern E:\3.46\pic18-lt\cxx-framework\src\traditional\math\packFP.asm
        __FpReturnSignInf   0x0077e8    program     extern E:\3.46\pic18-lt\cxx-framework\src\traditional\math\packFP.asm
       __FpReturnSignZero   0x007800    program     extern E:\3.46\pic18-lt\cxx-framework\src\traditional\math\packFP.asm
              __FpReturnW   0x00786a    program     extern E:\3.46\pic18-lt\cxx-framework\src\traditional\math\packFP.asm
              __FpUnPackA   0x00788a    program     extern E:\3.46\pic18-lt\cxx-framework\src\traditional\math\UnpackFP.asm
              __FpUnPackB   0x0078ba    program     extern E:\3.46\pic18-lt\cxx-framework\src\traditional\math\UnpackFP.asm
          ___for_lbl00030   0x0038be    program     static                          
          ___for_lbl00031   0x0038c2    program     static                          
          ___for_lbl00032   0x003832    program     static                          
          ___for_lbl00323   0x0025ae    program     static                          
          ___for_lbl00324   0x0025b2    program     static                          
          ___for_lbl00327   0x002598    program     static                          
           ___if_lbl00005   0x00903e    program     static                          
           ___if_lbl00006   0x009060    program     static                          
           ___if_lbl00007   0x009078    program     static                          
       ___return_lbl00000   0x009b54    program     static                          
       ___return_lbl00000   0x0090bc    program     static                          
       ___return_lbl00000   0x0098cc    program     static                          
       ___return_lbl00000   0x009aee    program     static                          
       ___return_lbl00000   0x0099d6    program     static                          
       ___return_lbl00000   0x001004    program     static                          
       ___return_lbl00000   0x009b86    program     static                          
       ___return_lbl00000   0x009ac2    program     static                          
       ___return_lbl00001   0x00971e    program     static                          
       ___return_lbl00001   0x00100c    program     static                          
       ___return_lbl00002   0x00101c    program     static                          
       ___return_lbl00029   0x0039a6    program     static                          
       ___return_lbl00322   0x0025b2    program     static                          
       ___return_lbl00328   0x0025ce    program     static                          
       ___return_lbl00329   0x0025dc    program     static                          
        ___while_lbl00001   0x00989a    program     static                          
        ___while_lbl00001   0x008fe0    program     static                          
        ___while_lbl00002   0x0090bc    program     static                          
        ___while_lbl00002   0x0098cc    program     static                          
        ___while_lbl00003   0x009004    program     static                          
        ___while_lbl00004   0x009040    program     static                          
        ___while_lbl00325   0x0025a0    program     static                          
        ___while_lbl00326   0x0025ae    program     static                          
                   __init   0x009b9a    program     extern E:\3.46\pic18-lt\cxx-framework\src\traditional\stdclib\__init.c
                   __pa_0   0x0065f4    program     static D:\Projects\EggBot-GH\EBB_firmware\Microchip\USB\usb_device.c
                   __pa_0   0x0083c0    program     static E:\3.46\pic18-lt\cxx-framework\src\traditional\stdclib\sqrt.c
                   __pa_0   0x008dfe    program     static D:\Projects\EggBot-GH\EBB_firmware\app.X\source\spi.c
                   __pa_0   0x00934a    program     static E:\3.46\pic18-lt\cxx-framework\src\traditional\stdclib\ldexp.c
                   __pa_0   0x009462    program     static E:\3.46\pic18-lt\cxx-framework\src\traditional\stdclib\UnpkMath.c
                   __pa_0   0x0091fe    program     static D:\Projects\EggBot-GH\EBB_firmware\app.X\source\main.c
                   __pa_0   0x008784    program     static D:\Projects\EggBot-GH\EBB_firmware\Microchip\USB\CDC Device Driver\usb_function_cdc.c
                   __pa_0   0x009674    program     static E:\3.46\pic18-lt\cxx-framework\src\pmc_common\Flash\EraseFlash.c
                   __pa_0   0x0051d6    program     static D:\Projects\EggBot-GH\EBB_firmware\app.X\source\ebb.c
                   __pa_0   0x009538    program     static E:\3.46\pic18-lt\cxx-framework\src\traditional\stdclib\PackMath.c
                   __pa_0   0x00717c    program     static E:\3.46\pic18-lt\cxx-framework\src\traditional\stdclib\vfprintf.c
                   __pa_0   0x00307c    program     static D:\Projects\EggBot-GH\EBB_firmware\app.X\source\UBW.c
                   __pa_0   0x008b60    program     static D:\Projects\EggBot-GH\EBB_firmware\app.X\source\RCServo2.c
                   __pa_1   0x0083ca    program     static E:\3.46\pic18-lt\cxx-framework\src\traditional\stdclib\sqrt.c
                   __pa_1   0x00308e    program     static D:\Projects\EggBot-GH\EBB_firmware\app.X\source\UBW.c
                   __pa_1   0x0065fc    program     static D:\Projects\EggBot-GH\EBB_firmware\Microchip\USB\usb_device.c
                   __pa_1   0x008e30    program     static D:\Projects\EggBot-GH\EBB_firmware\app.X\source\spi.c
                   __pa_1   0x008b72    program     static D:\Projects\EggBot-GH\EBB_firmware\app.X\source\RCServo2.c
                   __pa_1   0x009548    program     static E:\3.46\pic18-lt\cxx-framework\src\traditional\stdclib\PackMath.c
                   __pa_1   0x009210    program     static D:\Projects\EggBot-GH\EBB_firmware\app.X\source\main.c
                   __pa_1   0x008796    program     static D:\Projects\EggBot-GH\EBB_firmware\Microchip\USB\CDC Device Driver\usb_function_cdc.c
                   __pa_1   0x007184    program     static E:\3.46\pic18-lt\cxx-framework\src\traditional\stdclib\vfprintf.c
                   __pa_1   0x0051e2    program     static D:\Projects\EggBot-GH\EBB_firmware\app.X\source\ebb.c
                  __pa_10   0x005292    program     static D:\Projects\EggBot-GH\EBB_firmware\app.X\source\ebb.c
                  __pa_10   0x00881c    program     static D:\Projects\EggBot-GH\EBB_firmware\Microchip\USB\CDC Device Driver\usb_function_cdc.c
                  __pa_10   0x0030e6    program     static D:\Projects\EggBot-GH\EBB_firmware\app.X\source\UBW.c
                  __pa_10   0x008ede    program     static D:\Projects\EggBot-GH\EBB_firmware\app.X\source\spi.c
                  __pa_10   0x008be4    program     static D:\Projects\EggBot-GH\EBB_firmware\app.X\source\RCServo2.c
                  __pa_10   0x007238    program     static E:\3.46\pic18-lt\cxx-framework\src\traditional\stdclib\vfprintf.c
                  __pa_10   0x00665a    program     static D:\Projects\EggBot-GH\EBB_firmware\Microchip\USB\usb_device.c
                 __pa_100   0x0034f8    program     static D:\Projects\EggBot-GH\EBB_firmware\app.X\source\UBW.c
                 __pa_100   0x0058f4    program     static D:\Projects\EggBot-GH\EBB_firmware\app.X\source\ebb.c
                 __pa_101   0x003508    program     static D:\Projects\EggBot-GH\EBB_firmware\app.X\source\UBW.c
                 __pa_101   0x00590c    program     static D:\Projects\EggBot-GH\EBB_firmware\app.X\source\ebb.c
                 __pa_102   0x003510    program     static D:\Projects\EggBot-GH\EBB_firmware\app.X\source\UBW.c
                 __pa_102   0x005924    program     static D:\Projects\EggBot-GH\EBB_firmware\app.X\source\ebb.c
                 __pa_103   0x00351c    program     static D:\Projects\EggBot-GH\EBB_firmware\app.X\source\UBW.c
                 __pa_103   0x00592e    program     static D:\Projects\EggBot-GH\EBB_firmware\app.X\source\ebb.c
                 __pa_104   0x003522    program     static D:\Projects\EggBot-GH\EBB_firmware\app.X\source\UBW.c
                 __pa_104   0x005936    program     static D:\Projects\EggBot-GH\EBB_firmware\app.X\source\ebb.c
                 __pa_105   0x003528    program     static D:\Projects\EggBot-GH\EBB_firmware\app.X\source\UBW.c
                 __pa_105   0x00593e    program     static D:\Projects\EggBot-GH\EBB_firmware\app.X\source\ebb.c
                 __pa_106   0x003532    program     static D:\Projects\EggBot-GH\EBB_firmware\app.X\source\UBW.c
                 __pa_106   0x005952    program     static D:\Projects\EggBot-GH\EBB_firmware\app.X\source\ebb.c
                 __pa_107   0x00353e    program     static D:\Projects\EggBot-GH\EBB_firmware\app.X\source\UBW.c
                 __pa_107   0x005964    program     static D:\Projects\EggBot-GH\EBB_firmware\app.X\source\ebb.c
                 __pa_108   0x00354a    program     static D:\Projects\EggBot-GH\EBB_firmware\app.X\source\UBW.c
                 __pa_108   0x005976    program     static D:\Projects\EggBot-GH\EBB_firmware\app.X\source\ebb.c
                 __pa_109   0x003552    program     static D:\Projects\EggBot-GH\EBB_firmware\app.X\source\UBW.c
                 __pa_109   0x005986    program     static D:\Projects\EggBot-GH\EBB_firmware\app.X\source\ebb.c
                  __pa_11   0x00882a    program     static D:\Projects\EggBot-GH\EBB_firmware\Microchip\USB\CDC Device Driver\usb_function_cdc.c
                  __pa_11   0x008eec    program     static D:\Projects\EggBot-GH\EBB_firmware\app.X\source\spi.c
                  __pa_11   0x0052a2    program     static D:\Projects\EggBot-GH\EBB_firmware\app.X\source\ebb.c
                  __pa_11   0x007246    program     static E:\3.46\pic18-lt\cxx-framework\src\traditional\stdclib\vfprintf.c
                  __pa_11   0x0030f4    program     static D:\Projects\EggBot-GH\EBB_firmware\app.X\source\UBW.c
                  __pa_11   0x006664    program     static D:\Projects\EggBot-GH\EBB_firmware\Microchip\USB\usb_device.c
                 __pa_110   0x005998    program     static D:\Projects\EggBot-GH\EBB_firmware\app.X\source\ebb.c
                 __pa_110   0x00355e    program     static D:\Projects\EggBot-GH\EBB_firmware\app.X\source\UBW.c
                 __pa_111   0x003566    program     static D:\Projects\EggBot-GH\EBB_firmware\app.X\source\UBW.c
                 __pa_111   0x0059a4    program     static D:\Projects\EggBot-GH\EBB_firmware\app.X\source\ebb.c
                 __pa_112   0x0059ac    program     static D:\Projects\EggBot-GH\EBB_firmware\app.X\source\ebb.c
                 __pa_112   0x00356c    program     static D:\Projects\EggBot-GH\EBB_firmware\app.X\source\UBW.c
                 __pa_113   0x0059b4    program     static D:\Projects\EggBot-GH\EBB_firmware\app.X\source\ebb.c
                 __pa_113   0x003574    program     static D:\Projects\EggBot-GH\EBB_firmware\app.X\source\UBW.c
                 __pa_114   0x003580    program     static D:\Projects\EggBot-GH\EBB_firmware\app.X\source\UBW.c
                 __pa_114   0x0059bc    program     static D:\Projects\EggBot-GH\EBB_firmware\app.X\source\ebb.c
                 __pa_115   0x00358a    program     static D:\Projects\EggBot-GH\EBB_firmware\app.X\source\UBW.c
                 __pa_115   0x0059c8    program     static D:\Projects\EggBot-GH\EBB_firmware\app.X\source\ebb.c
                 __pa_116   0x0059d4    program     static D:\Projects\EggBot-GH\EBB_firmware\app.X\source\ebb.c
                 __pa_117   0x0059e2    program     static D:\Projects\EggBot-GH\EBB_firmware\app.X\source\ebb.c
                 __pa_118   0x0059ea    program     static D:\Projects\EggBot-GH\EBB_firmware\app.X\source\ebb.c
                 __pa_119   0x0059f8    program     static D:\Projects\EggBot-GH\EBB_firmware\app.X\source\ebb.c
                  __pa_12   0x006678    program     static D:\Projects\EggBot-GH\EBB_firmware\Microchip\USB\usb_device.c
                  __pa_12   0x0030fe    program     static D:\Projects\EggBot-GH\EBB_firmware\app.X\source\UBW.c
                  __pa_12   0x0052f0    program     static D:\Projects\EggBot-GH\EBB_firmware\app.X\source\ebb.c
                  __pa_12   0x008834    program     static D:\Projects\EggBot-GH\EBB_firmware\Microchip\USB\CDC Device Driver\usb_function_cdc.c
                  __pa_12   0x00725c    program     static E:\3.46\pic18-lt\cxx-framework\src\traditional\stdclib\vfprintf.c
                 __pa_120   0x005a04    program     static D:\Projects\EggBot-GH\EBB_firmware\app.X\source\ebb.c
                 __pa_121   0x005a0a    program     static D:\Projects\EggBot-GH\EBB_firmware\app.X\source\ebb.c
                 __pa_122   0x005a12    program     static D:\Projects\EggBot-GH\EBB_firmware\app.X\source\ebb.c
                 __pa_123   0x005a1c    program     static D:\Projects\EggBot-GH\EBB_firmware\app.X\source\ebb.c
                 __pa_124   0x005a24    program     static D:\Projects\EggBot-GH\EBB_firmware\app.X\source\ebb.c
                 __pa_125   0x005a2e    program     static D:\Projects\EggBot-GH\EBB_firmware\app.X\source\ebb.c
                 __pa_126   0x005a44    program     static D:\Projects\EggBot-GH\EBB_firmware\app.X\source\ebb.c
                 __pa_127   0x005a4c    program     static D:\Projects\EggBot-GH\EBB_firmware\app.X\source\ebb.c
                 __pa_128   0x005a54    program     static D:\Projects\EggBot-GH\EBB_firmware\app.X\source\ebb.c
                 __pa_129   0x005a60    program     static D:\Projects\EggBot-GH\EBB_firmware\app.X\source\ebb.c
                  __pa_13   0x007276    program     static E:\3.46\pic18-lt\cxx-framework\src\traditional\stdclib\vfprintf.c
                  __pa_13   0x0052fa    program     static D:\Projects\EggBot-GH\EBB_firmware\app.X\source\ebb.c
                  __pa_13   0x00668c    program     static D:\Projects\EggBot-GH\EBB_firmware\Microchip\USB\usb_device.c
                  __pa_13   0x003106    program     static D:\Projects\EggBot-GH\EBB_firmware\app.X\source\UBW.c
                  __pa_13   0x008844    program     static D:\Projects\EggBot-GH\EBB_firmware\Microchip\USB\CDC Device Driver\usb_function_cdc.c
                 __pa_130   0x005a6a    program     static D:\Projects\EggBot-GH\EBB_firmware\app.X\source\ebb.c
                 __pa_131   0x005a74    program     static D:\Projects\EggBot-GH\EBB_firmware\app.X\source\ebb.c
                 __pa_132   0x005a80    program     static D:\Projects\EggBot-GH\EBB_firmware\app.X\source\ebb.c
                 __pa_133   0x005a86    program     static D:\Projects\EggBot-GH\EBB_firmware\app.X\source\ebb.c
                 __pa_134   0x005a90    program     static D:\Projects\EggBot-GH\EBB_firmware\app.X\source\ebb.c
                  __pa_14   0x00728e    program     static E:\3.46\pic18-lt\cxx-framework\src\traditional\stdclib\vfprintf.c
                  __pa_14   0x00530e    program     static D:\Projects\EggBot-GH\EBB_firmware\app.X\source\ebb.c
                  __pa_14   0x008852    program     static D:\Projects\EggBot-GH\EBB_firmware\Microchip\USB\CDC Device Driver\usb_function_cdc.c
                  __pa_14   0x00669a    program     static D:\Projects\EggBot-GH\EBB_firmware\Microchip\USB\usb_device.c
                  __pa_14   0x00310e    program     static D:\Projects\EggBot-GH\EBB_firmware\app.X\source\UBW.c
                  __pa_15   0x003118    program     static D:\Projects\EggBot-GH\EBB_firmware\app.X\source\UBW.c
                  __pa_15   0x00729e    program     static E:\3.46\pic18-lt\cxx-framework\src\traditional\stdclib\vfprintf.c
                  __pa_15   0x005312    program     static D:\Projects\EggBot-GH\EBB_firmware\app.X\source\ebb.c
                  __pa_15   0x0066a6    program     static D:\Projects\EggBot-GH\EBB_firmware\Microchip\USB\usb_device.c
                  __pa_16   0x005328    program     static D:\Projects\EggBot-GH\EBB_firmware\app.X\source\ebb.c
                  __pa_16   0x0072b4    program     static E:\3.46\pic18-lt\cxx-framework\src\traditional\stdclib\vfprintf.c
                  __pa_16   0x0066c0    program     static D:\Projects\EggBot-GH\EBB_firmware\Microchip\USB\usb_device.c
                  __pa_16   0x003124    program     static D:\Projects\EggBot-GH\EBB_firmware\app.X\source\UBW.c
                  __pa_17   0x0066cc    program     static D:\Projects\EggBot-GH\EBB_firmware\Microchip\USB\usb_device.c
                  __pa_17   0x00312a    program     static D:\Projects\EggBot-GH\EBB_firmware\app.X\source\UBW.c
                  __pa_17   0x00533c    program     static D:\Projects\EggBot-GH\EBB_firmware\app.X\source\ebb.c
                  __pa_17   0x0072c6    program     static E:\3.46\pic18-lt\cxx-framework\src\traditional\stdclib\vfprintf.c
                  __pa_18   0x003134    program     static D:\Projects\EggBot-GH\EBB_firmware\app.X\source\UBW.c
                  __pa_18   0x005346    program     static D:\Projects\EggBot-GH\EBB_firmware\app.X\source\ebb.c
                  __pa_18   0x0072d8    program     static E:\3.46\pic18-lt\cxx-framework\src\traditional\stdclib\vfprintf.c
                  __pa_18   0x0066d8    program     static D:\Projects\EggBot-GH\EBB_firmware\Microchip\USB\usb_device.c
                  __pa_19   0x003146    program     static D:\Projects\EggBot-GH\EBB_firmware\app.X\source\UBW.c
                  __pa_19   0x00535a    program     static D:\Projects\EggBot-GH\EBB_firmware\app.X\source\ebb.c
                  __pa_19   0x0072e2    program     static E:\3.46\pic18-lt\cxx-framework\src\traditional\stdclib\vfprintf.c
                  __pa_19   0x0066e0    program     static D:\Projects\EggBot-GH\EBB_firmware\Microchip\USB\usb_device.c
                   __pa_2   0x0051fc    program     static D:\Projects\EggBot-GH\EBB_firmware\app.X\source\ebb.c
                   __pa_2   0x009556    program     static E:\3.46\pic18-lt\cxx-framework\src\traditional\stdclib\PackMath.c
                   __pa_2   0x0087a6    program     static D:\Projects\EggBot-GH\EBB_firmware\Microchip\USB\CDC Device Driver\usb_function_cdc.c
                   __pa_2   0x006602    program     static D:\Projects\EggBot-GH\EBB_firmware\Microchip\USB\usb_device.c
                   __pa_2   0x0083e4    program     static E:\3.46\pic18-lt\cxx-framework\src\traditional\stdclib\sqrt.c
                   __pa_2   0x008e4a    program     static D:\Projects\EggBot-GH\EBB_firmware\app.X\source\spi.c
                   __pa_2   0x003094    program     static D:\Projects\EggBot-GH\EBB_firmware\app.X\source\UBW.c
                   __pa_2   0x008b7c    program     static D:\Projects\EggBot-GH\EBB_firmware\app.X\source\RCServo2.c
                   __pa_2   0x00718e    program     static E:\3.46\pic18-lt\cxx-framework\src\traditional\stdclib\vfprintf.c
                  __pa_20   0x0066e8    program     static D:\Projects\EggBot-GH\EBB_firmware\Microchip\USB\usb_device.c
                  __pa_20   0x0072f2    program     static E:\3.46\pic18-lt\cxx-framework\src\traditional\stdclib\vfprintf.c
                  __pa_20   0x005374    program     static D:\Projects\EggBot-GH\EBB_firmware\app.X\source\ebb.c
                  __pa_20   0x003152    program     static D:\Projects\EggBot-GH\EBB_firmware\app.X\source\UBW.c
                  __pa_21   0x0066f4    program     static D:\Projects\EggBot-GH\EBB_firmware\Microchip\USB\usb_device.c
                  __pa_21   0x007302    program     static E:\3.46\pic18-lt\cxx-framework\src\traditional\stdclib\vfprintf.c
                  __pa_21   0x00315a    program     static D:\Projects\EggBot-GH\EBB_firmware\app.X\source\UBW.c
                  __pa_21   0x005386    program     static D:\Projects\EggBot-GH\EBB_firmware\app.X\source\ebb.c
                  __pa_22   0x003176    program     static D:\Projects\EggBot-GH\EBB_firmware\app.X\source\UBW.c
                  __pa_22   0x007312    program     static E:\3.46\pic18-lt\cxx-framework\src\traditional\stdclib\vfprintf.c
                  __pa_22   0x005394    program     static D:\Projects\EggBot-GH\EBB_firmware\app.X\source\ebb.c
                  __pa_22   0x006704    program     static D:\Projects\EggBot-GH\EBB_firmware\Microchip\USB\usb_device.c
                  __pa_23   0x0053a2    program     static D:\Projects\EggBot-GH\EBB_firmware\app.X\source\ebb.c
                  __pa_23   0x006714    program     static D:\Projects\EggBot-GH\EBB_firmware\Microchip\USB\usb_device.c
                  __pa_23   0x00731e    program     static E:\3.46\pic18-lt\cxx-framework\src\traditional\stdclib\vfprintf.c
                  __pa_23   0x00317e    program     static D:\Projects\EggBot-GH\EBB_firmware\app.X\source\UBW.c
                  __pa_24   0x006722    program     static D:\Projects\EggBot-GH\EBB_firmware\Microchip\USB\usb_device.c
                  __pa_24   0x003188    program     static D:\Projects\EggBot-GH\EBB_firmware\app.X\source\UBW.c
                  __pa_24   0x00732c    program     static E:\3.46\pic18-lt\cxx-framework\src\traditional\stdclib\vfprintf.c
                  __pa_24   0x0053b0    program     static D:\Projects\EggBot-GH\EBB_firmware\app.X\source\ebb.c
                  __pa_25   0x006730    program     static D:\Projects\EggBot-GH\EBB_firmware\Microchip\USB\usb_device.c
                  __pa_25   0x0053bc    program     static D:\Projects\EggBot-GH\EBB_firmware\app.X\source\ebb.c
                  __pa_25   0x007334    program     static E:\3.46\pic18-lt\cxx-framework\src\traditional\stdclib\vfprintf.c
                  __pa_25   0x003194    program     static D:\Projects\EggBot-GH\EBB_firmware\app.X\source\UBW.c
                  __pa_26   0x00673e    program     static D:\Projects\EggBot-GH\EBB_firmware\Microchip\USB\usb_device.c
                  __pa_26   0x00319a    program     static D:\Projects\EggBot-GH\EBB_firmware\app.X\source\UBW.c
                  __pa_26   0x00733e    program     static E:\3.46\pic18-lt\cxx-framework\src\traditional\stdclib\vfprintf.c
                  __pa_26   0x0053dc    program     static D:\Projects\EggBot-GH\EBB_firmware\app.X\source\ebb.c
                  __pa_27   0x006748    program     static D:\Projects\EggBot-GH\EBB_firmware\Microchip\USB\usb_device.c
                  __pa_27   0x007348    program     static E:\3.46\pic18-lt\cxx-framework\src\traditional\stdclib\vfprintf.c
                  __pa_27   0x0053f2    program     static D:\Projects\EggBot-GH\EBB_firmware\app.X\source\ebb.c
                  __pa_27   0x0031a4    program     static D:\Projects\EggBot-GH\EBB_firmware\app.X\source\UBW.c
                  __pa_28   0x005404    program     static D:\Projects\EggBot-GH\EBB_firmware\app.X\source\ebb.c
                  __pa_28   0x007350    program     static E:\3.46\pic18-lt\cxx-framework\src\traditional\stdclib\vfprintf.c
                  __pa_28   0x0031b6    program     static D:\Projects\EggBot-GH\EBB_firmware\app.X\source\UBW.c
                  __pa_28   0x006760    program     static D:\Projects\EggBot-GH\EBB_firmware\Microchip\USB\usb_device.c
                  __pa_29   0x005420    program     static D:\Projects\EggBot-GH\EBB_firmware\app.X\source\ebb.c
                  __pa_29   0x00735e    program     static E:\3.46\pic18-lt\cxx-framework\src\traditional\stdclib\vfprintf.c
                  __pa_29   0x0031c4    program     static D:\Projects\EggBot-GH\EBB_firmware\app.X\source\UBW.c
                  __pa_29   0x00676c    program     static D:\Projects\EggBot-GH\EBB_firmware\Microchip\USB\usb_device.c
                   __pa_3   0x0083fe    program     static E:\3.46\pic18-lt\cxx-framework\src\traditional\stdclib\sqrt.c
                   __pa_3   0x0087b2    program     static D:\Projects\EggBot-GH\EBB_firmware\Microchip\USB\CDC Device Driver\usb_function_cdc.c
                   __pa_3   0x009560    program     static E:\3.46\pic18-lt\cxx-framework\src\traditional\stdclib\PackMath.c
                   __pa_3   0x0030a0    program     static D:\Projects\EggBot-GH\EBB_firmware\app.X\source\UBW.c
                   __pa_3   0x008e62    program     static D:\Projects\EggBot-GH\EBB_firmware\app.X\source\spi.c
                   __pa_3   0x007198    program     static E:\3.46\pic18-lt\cxx-framework\src\traditional\stdclib\vfprintf.c
                   __pa_3   0x008b8c    program     static D:\Projects\EggBot-GH\EBB_firmware\app.X\source\RCServo2.c
                   __pa_3   0x006606    program     static D:\Projects\EggBot-GH\EBB_firmware\Microchip\USB\usb_device.c
                   __pa_3   0x005216    program     static D:\Projects\EggBot-GH\EBB_firmware\app.X\source\ebb.c
                  __pa_30   0x006780    program     static D:\Projects\EggBot-GH\EBB_firmware\Microchip\USB\usb_device.c
                  __pa_30   0x00542a    program     static D:\Projects\EggBot-GH\EBB_firmware\app.X\source\ebb.c
                  __pa_30   0x00737a    program     static E:\3.46\pic18-lt\cxx-framework\src\traditional\stdclib\vfprintf.c
                  __pa_30   0x0031ca    program     static D:\Projects\EggBot-GH\EBB_firmware\app.X\source\UBW.c
                  __pa_31   0x007394    program     static E:\3.46\pic18-lt\cxx-framework\src\traditional\stdclib\vfprintf.c
                  __pa_31   0x0031d8    program     static D:\Projects\EggBot-GH\EBB_firmware\app.X\source\UBW.c
                  __pa_31   0x005430    program     static D:\Projects\EggBot-GH\EBB_firmware\app.X\source\ebb.c
                  __pa_31   0x00678c    program     static D:\Projects\EggBot-GH\EBB_firmware\Microchip\USB\usb_device.c
                  __pa_32   0x0073ae    program     static E:\3.46\pic18-lt\cxx-framework\src\traditional\stdclib\vfprintf.c
                  __pa_32   0x00679e    program     static D:\Projects\EggBot-GH\EBB_firmware\Microchip\USB\usb_device.c
                  __pa_32   0x00544a    program     static D:\Projects\EggBot-GH\EBB_firmware\app.X\source\ebb.c
                  __pa_32   0x0031e6    program     static D:\Projects\EggBot-GH\EBB_firmware\app.X\source\UBW.c
                  __pa_33   0x0073c6    program     static E:\3.46\pic18-lt\cxx-framework\src\traditional\stdclib\vfprintf.c
                  __pa_33   0x0031f0    program     static D:\Projects\EggBot-GH\EBB_firmware\app.X\source\UBW.c
                  __pa_33   0x005464    program     static D:\Projects\EggBot-GH\EBB_firmware\app.X\source\ebb.c
                  __pa_33   0x0067ac    program     static D:\Projects\EggBot-GH\EBB_firmware\Microchip\USB\usb_device.c
                  __pa_34   0x0073d0    program     static E:\3.46\pic18-lt\cxx-framework\src\traditional\stdclib\vfprintf.c
                  __pa_34   0x0031fa    program     static D:\Projects\EggBot-GH\EBB_firmware\app.X\source\UBW.c
                  __pa_34   0x0067be    program     static D:\Projects\EggBot-GH\EBB_firmware\Microchip\USB\usb_device.c
                  __pa_34   0x00547e    program     static D:\Projects\EggBot-GH\EBB_firmware\app.X\source\ebb.c
                  __pa_35   0x0067c8    program     static D:\Projects\EggBot-GH\EBB_firmware\Microchip\USB\usb_device.c
                  __pa_35   0x0073de    program     static E:\3.46\pic18-lt\cxx-framework\src\traditional\stdclib\vfprintf.c
                  __pa_35   0x003216    program     static D:\Projects\EggBot-GH\EBB_firmware\app.X\source\UBW.c
                  __pa_35   0x005498    program     static D:\Projects\EggBot-GH\EBB_firmware\app.X\source\ebb.c
                  __pa_36   0x0073e6    program     static E:\3.46\pic18-lt\cxx-framework\src\traditional\stdclib\vfprintf.c
                  __pa_36   0x0067d2    program     static D:\Projects\EggBot-GH\EBB_firmware\Microchip\USB\usb_device.c
                  __pa_36   0x003232    program     static D:\Projects\EggBot-GH\EBB_firmware\app.X\source\UBW.c
                  __pa_36   0x0054b2    program     static D:\Projects\EggBot-GH\EBB_firmware\app.X\source\ebb.c
                  __pa_37   0x0054be    program     static D:\Projects\EggBot-GH\EBB_firmware\app.X\source\ebb.c
                  __pa_37   0x0067d8    program     static D:\Projects\EggBot-GH\EBB_firmware\Microchip\USB\usb_device.c
                  __pa_37   0x00323a    program     static D:\Projects\EggBot-GH\EBB_firmware\app.X\source\UBW.c
                  __pa_37   0x0073f0    program     static E:\3.46\pic18-lt\cxx-framework\src\traditional\stdclib\vfprintf.c
                  __pa_38   0x0067e0    program     static D:\Projects\EggBot-GH\EBB_firmware\Microchip\USB\usb_device.c
                  __pa_38   0x003242    program     static D:\Projects\EggBot-GH\EBB_firmware\app.X\source\UBW.c
                  __pa_38   0x007400    program     static E:\3.46\pic18-lt\cxx-framework\src\traditional\stdclib\vfprintf.c
                  __pa_38   0x0054de    program     static D:\Projects\EggBot-GH\EBB_firmware\app.X\source\ebb.c
                  __pa_39   0x00325c    program     static D:\Projects\EggBot-GH\EBB_firmware\app.X\source\UBW.c
                  __pa_39   0x0054ea    program     static D:\Projects\EggBot-GH\EBB_firmware\app.X\source\ebb.c
                  __pa_39   0x0067e6    program     static D:\Projects\EggBot-GH\EBB_firmware\Microchip\USB\usb_device.c
                  __pa_39   0x00740e    program     static E:\3.46\pic18-lt\cxx-framework\src\traditional\stdclib\vfprintf.c
                   __pa_4   0x0071b0    program     static E:\3.46\pic18-lt\cxx-framework\src\traditional\stdclib\vfprintf.c
                   __pa_4   0x00956e    program     static E:\3.46\pic18-lt\cxx-framework\src\traditional\stdclib\PackMath.c
                   __pa_4   0x0030ac    program     static D:\Projects\EggBot-GH\EBB_firmware\app.X\source\UBW.c
                   __pa_4   0x008410    program     static E:\3.46\pic18-lt\cxx-framework\src\traditional\stdclib\sqrt.c
                   __pa_4   0x008e7c    program     static D:\Projects\EggBot-GH\EBB_firmware\app.X\source\spi.c
                   __pa_4   0x0087c4    program     static D:\Projects\EggBot-GH\EBB_firmware\Microchip\USB\CDC Device Driver\usb_function_cdc.c
                   __pa_4   0x006610    program     static D:\Projects\EggBot-GH\EBB_firmware\Microchip\USB\usb_device.c
                   __pa_4   0x008b98    program     static D:\Projects\EggBot-GH\EBB_firmware\app.X\source\RCServo2.c
                   __pa_4   0x00523a    program     static D:\Projects\EggBot-GH\EBB_firmware\app.X\source\ebb.c
                  __pa_40   0x0067f4    program     static D:\Projects\EggBot-GH\EBB_firmware\Microchip\USB\usb_device.c
                  __pa_40   0x003268    program     static D:\Projects\EggBot-GH\EBB_firmware\app.X\source\UBW.c
                  __pa_40   0x00741a    program     static E:\3.46\pic18-lt\cxx-framework\src\traditional\stdclib\vfprintf.c
                  __pa_40   0x005506    program     static D:\Projects\EggBot-GH\EBB_firmware\app.X\source\ebb.c
                  __pa_41   0x006802    program     static D:\Projects\EggBot-GH\EBB_firmware\Microchip\USB\usb_device.c
                  __pa_41   0x007426    program     static E:\3.46\pic18-lt\cxx-framework\src\traditional\stdclib\vfprintf.c
                  __pa_41   0x003272    program     static D:\Projects\EggBot-GH\EBB_firmware\app.X\source\UBW.c
                  __pa_41   0x005512    program     static D:\Projects\EggBot-GH\EBB_firmware\app.X\source\ebb.c
                  __pa_42   0x00742e    program     static E:\3.46\pic18-lt\cxx-framework\src\traditional\stdclib\vfprintf.c
                  __pa_42   0x00552c    program     static D:\Projects\EggBot-GH\EBB_firmware\app.X\source\ebb.c
                  __pa_42   0x003282    program     static D:\Projects\EggBot-GH\EBB_firmware\app.X\source\UBW.c
                  __pa_42   0x00680c    program     static D:\Projects\EggBot-GH\EBB_firmware\Microchip\USB\usb_device.c
                  __pa_43   0x007438    program     static E:\3.46\pic18-lt\cxx-framework\src\traditional\stdclib\vfprintf.c
                  __pa_43   0x00554a    program     static D:\Projects\EggBot-GH\EBB_firmware\app.X\source\ebb.c
                  __pa_43   0x00328a    program     static D:\Projects\EggBot-GH\EBB_firmware\app.X\source\UBW.c
                  __pa_43   0x006816    program     static D:\Projects\EggBot-GH\EBB_firmware\Microchip\USB\usb_device.c
                  __pa_44   0x0032a0    program     static D:\Projects\EggBot-GH\EBB_firmware\app.X\source\UBW.c
                  __pa_44   0x00743e    program     static E:\3.46\pic18-lt\cxx-framework\src\traditional\stdclib\vfprintf.c
                  __pa_44   0x005568    program     static D:\Projects\EggBot-GH\EBB_firmware\app.X\source\ebb.c
                  __pa_44   0x00681e    program     static D:\Projects\EggBot-GH\EBB_firmware\Microchip\USB\usb_device.c
                  __pa_45   0x0032ae    program     static D:\Projects\EggBot-GH\EBB_firmware\app.X\source\UBW.c
                  __pa_45   0x005586    program     static D:\Projects\EggBot-GH\EBB_firmware\app.X\source\ebb.c
                  __pa_45   0x007448    program     static E:\3.46\pic18-lt\cxx-framework\src\traditional\stdclib\vfprintf.c
                  __pa_45   0x00682a    program     static D:\Projects\EggBot-GH\EBB_firmware\Microchip\USB\usb_device.c
                  __pa_46   0x00559e    program     static D:\Projects\EggBot-GH\EBB_firmware\app.X\source\ebb.c
                  __pa_46   0x006834    program     static D:\Projects\EggBot-GH\EBB_firmware\Microchip\USB\usb_device.c
                  __pa_46   0x007454    program     static E:\3.46\pic18-lt\cxx-framework\src\traditional\stdclib\vfprintf.c
                  __pa_46   0x0032b8    program     static D:\Projects\EggBot-GH\EBB_firmware\app.X\source\UBW.c
                  __pa_47   0x0032ca    program     static D:\Projects\EggBot-GH\EBB_firmware\app.X\source\UBW.c
                  __pa_47   0x0055a6    program     static D:\Projects\EggBot-GH\EBB_firmware\app.X\source\ebb.c
                  __pa_48   0x0055b8    program     static D:\Projects\EggBot-GH\EBB_firmware\app.X\source\ebb.c
                  __pa_48   0x0032dc    program     static D:\Projects\EggBot-GH\EBB_firmware\app.X\source\UBW.c
                  __pa_49   0x0032e8    program     static D:\Projects\EggBot-GH\EBB_firmware\app.X\source\UBW.c
                  __pa_49   0x0055c0    program     static D:\Projects\EggBot-GH\EBB_firmware\app.X\source\ebb.c
                   __pa_5   0x0030b4    program     static D:\Projects\EggBot-GH\EBB_firmware\app.X\source\UBW.c
                   __pa_5   0x0071c4    program     static E:\3.46\pic18-lt\cxx-framework\src\traditional\stdclib\vfprintf.c
                   __pa_5   0x006620    program     static D:\Projects\EggBot-GH\EBB_firmware\Microchip\USB\usb_device.c
                   __pa_5   0x0087de    program     static D:\Projects\EggBot-GH\EBB_firmware\Microchip\USB\CDC Device Driver\usb_function_cdc.c
                   __pa_5   0x008e88    program     static D:\Projects\EggBot-GH\EBB_firmware\app.X\source\spi.c
                   __pa_5   0x005246    program     static D:\Projects\EggBot-GH\EBB_firmware\app.X\source\ebb.c
                   __pa_5   0x008ba4    program     static D:\Projects\EggBot-GH\EBB_firmware\app.X\source\RCServo2.c
                   __pa_5   0x009576    program     static E:\3.46\pic18-lt\cxx-framework\src\traditional\stdclib\PackMath.c
                   __pa_5   0x008422    program     static E:\3.46\pic18-lt\cxx-framework\src\traditional\stdclib\sqrt.c
                  __pa_50   0x0055d0    program     static D:\Projects\EggBot-GH\EBB_firmware\app.X\source\ebb.c
                  __pa_50   0x0032f2    program     static D:\Projects\EggBot-GH\EBB_firmware\app.X\source\UBW.c
                  __pa_51   0x0055e6    program     static D:\Projects\EggBot-GH\EBB_firmware\app.X\source\ebb.c
                  __pa_51   0x0032fc    program     static D:\Projects\EggBot-GH\EBB_firmware\app.X\source\UBW.c
                  __pa_52   0x0055f2    program     static D:\Projects\EggBot-GH\EBB_firmware\app.X\source\ebb.c
                  __pa_52   0x003306    program     static D:\Projects\EggBot-GH\EBB_firmware\app.X\source\UBW.c
                  __pa_53   0x00560c    program     static D:\Projects\EggBot-GH\EBB_firmware\app.X\source\ebb.c
                  __pa_53   0x003312    program     static D:\Projects\EggBot-GH\EBB_firmware\app.X\source\UBW.c
                  __pa_54   0x005626    program     static D:\Projects\EggBot-GH\EBB_firmware\app.X\source\ebb.c
                  __pa_54   0x003320    program     static D:\Projects\EggBot-GH\EBB_firmware\app.X\source\UBW.c
                  __pa_55   0x005634    program     static D:\Projects\EggBot-GH\EBB_firmware\app.X\source\ebb.c
                  __pa_55   0x00332e    program     static D:\Projects\EggBot-GH\EBB_firmware\app.X\source\UBW.c
                  __pa_56   0x005642    program     static D:\Projects\EggBot-GH\EBB_firmware\app.X\source\ebb.c
                  __pa_56   0x00333c    program     static D:\Projects\EggBot-GH\EBB_firmware\app.X\source\UBW.c
                  __pa_57   0x00334a    program     static D:\Projects\EggBot-GH\EBB_firmware\app.X\source\UBW.c
                  __pa_57   0x005650    program     static D:\Projects\EggBot-GH\EBB_firmware\app.X\source\ebb.c
                  __pa_58   0x003354    program     static D:\Projects\EggBot-GH\EBB_firmware\app.X\source\UBW.c
                  __pa_58   0x00565e    program     static D:\Projects\EggBot-GH\EBB_firmware\app.X\source\ebb.c
                  __pa_59   0x00335e    program     static D:\Projects\EggBot-GH\EBB_firmware\app.X\source\UBW.c
                  __pa_59   0x005664    program     static D:\Projects\EggBot-GH\EBB_firmware\app.X\source\ebb.c
                   __pa_6   0x0030be    program     static D:\Projects\EggBot-GH\EBB_firmware\app.X\source\UBW.c
                   __pa_6   0x00662a    program     static D:\Projects\EggBot-GH\EBB_firmware\Microchip\USB\usb_device.c
                   __pa_6   0x0071e0    program     static E:\3.46\pic18-lt\cxx-framework\src\traditional\stdclib\vfprintf.c
                   __pa_6   0x008bb6    program     static D:\Projects\EggBot-GH\EBB_firmware\app.X\source\RCServo2.c
                   __pa_6   0x00957e    program     static E:\3.46\pic18-lt\cxx-framework\src\traditional\stdclib\PackMath.c
                   __pa_6   0x0087ec    program     static D:\Projects\EggBot-GH\EBB_firmware\Microchip\USB\CDC Device Driver\usb_function_cdc.c
                   __pa_6   0x008ea2    program     static D:\Projects\EggBot-GH\EBB_firmware\app.X\source\spi.c
                   __pa_6   0x00526a    program     static D:\Projects\EggBot-GH\EBB_firmware\app.X\source\ebb.c
                   __pa_6   0x008434    program     static E:\3.46\pic18-lt\cxx-framework\src\traditional\stdclib\sqrt.c
                  __pa_60   0x005678    program     static D:\Projects\EggBot-GH\EBB_firmware\app.X\source\ebb.c
                  __pa_60   0x003364    program     static D:\Projects\EggBot-GH\EBB_firmware\app.X\source\UBW.c
                  __pa_61   0x00568a    program     static D:\Projects\EggBot-GH\EBB_firmware\app.X\source\ebb.c
                  __pa_61   0x00336c    program     static D:\Projects\EggBot-GH\EBB_firmware\app.X\source\UBW.c
                  __pa_62   0x003372    program     static D:\Projects\EggBot-GH\EBB_firmware\app.X\source\UBW.c
                  __pa_62   0x005692    program     static D:\Projects\EggBot-GH\EBB_firmware\app.X\source\ebb.c
                  __pa_63   0x00337c    program     static D:\Projects\EggBot-GH\EBB_firmware\app.X\source\UBW.c
                  __pa_63   0x0056a4    program     static D:\Projects\EggBot-GH\EBB_firmware\app.X\source\ebb.c
                  __pa_64   0x003382    program     static D:\Projects\EggBot-GH\EBB_firmware\app.X\source\UBW.c
                  __pa_64   0x0056b6    program     static D:\Projects\EggBot-GH\EBB_firmware\app.X\source\ebb.c
                  __pa_65   0x00338c    program     static D:\Projects\EggBot-GH\EBB_firmware\app.X\source\UBW.c
                  __pa_65   0x0056c6    program     static D:\Projects\EggBot-GH\EBB_firmware\app.X\source\ebb.c
                  __pa_66   0x003396    program     static D:\Projects\EggBot-GH\EBB_firmware\app.X\source\UBW.c
                  __pa_66   0x0056d8    program     static D:\Projects\EggBot-GH\EBB_firmware\app.X\source\ebb.c
                  __pa_67   0x00339a    program     static D:\Projects\EggBot-GH\EBB_firmware\app.X\source\UBW.c
                  __pa_67   0x0056ea    program     static D:\Projects\EggBot-GH\EBB_firmware\app.X\source\ebb.c
                  __pa_68   0x0033b2    program     static D:\Projects\EggBot-GH\EBB_firmware\app.X\source\UBW.c
                  __pa_68   0x0056f0    program     static D:\Projects\EggBot-GH\EBB_firmware\app.X\source\ebb.c
                  __pa_69   0x0033b8    program     static D:\Projects\EggBot-GH\EBB_firmware\app.X\source\UBW.c
                  __pa_69   0x0056f8    program     static D:\Projects\EggBot-GH\EBB_firmware\app.X\source\ebb.c
                   __pa_7   0x008442    program     static E:\3.46\pic18-lt\cxx-framework\src\traditional\stdclib\sqrt.c
                   __pa_7   0x00526e    program     static D:\Projects\EggBot-GH\EBB_firmware\app.X\source\ebb.c
                   __pa_7   0x008eae    program     static D:\Projects\EggBot-GH\EBB_firmware\app.X\source\spi.c
                   __pa_7   0x0087fa    program     static D:\Projects\EggBot-GH\EBB_firmware\Microchip\USB\CDC Device Driver\usb_function_cdc.c
                   __pa_7   0x008bc2    program     static D:\Projects\EggBot-GH\EBB_firmware\app.X\source\RCServo2.c
                   __pa_7   0x0071ea    program     static E:\3.46\pic18-lt\cxx-framework\src\traditional\stdclib\vfprintf.c
                   __pa_7   0x0030c8    program     static D:\Projects\EggBot-GH\EBB_firmware\app.X\source\UBW.c
                   __pa_7   0x006634    program     static D:\Projects\EggBot-GH\EBB_firmware\Microchip\USB\usb_device.c
                  __pa_70   0x0033c4    program     static D:\Projects\EggBot-GH\EBB_firmware\app.X\source\UBW.c
                  __pa_70   0x005706    program     static D:\Projects\EggBot-GH\EBB_firmware\app.X\source\ebb.c
                  __pa_71   0x005714    program     static D:\Projects\EggBot-GH\EBB_firmware\app.X\source\ebb.c
                  __pa_71   0x0033ce    program     static D:\Projects\EggBot-GH\EBB_firmware\app.X\source\UBW.c
                  __pa_72   0x005722    program     static D:\Projects\EggBot-GH\EBB_firmware\app.X\source\ebb.c
                  __pa_72   0x0033da    program     static D:\Projects\EggBot-GH\EBB_firmware\app.X\source\UBW.c
                  __pa_73   0x0033e2    program     static D:\Projects\EggBot-GH\EBB_firmware\app.X\source\UBW.c
                  __pa_73   0x005730    program     static D:\Projects\EggBot-GH\EBB_firmware\app.X\source\ebb.c
                  __pa_74   0x00573a    program     static D:\Projects\EggBot-GH\EBB_firmware\app.X\source\ebb.c
                  __pa_74   0x0033ec    program     static D:\Projects\EggBot-GH\EBB_firmware\app.X\source\UBW.c
                  __pa_75   0x0033f6    program     static D:\Projects\EggBot-GH\EBB_firmware\app.X\source\UBW.c
                  __pa_75   0x005744    program     static D:\Projects\EggBot-GH\EBB_firmware\app.X\source\ebb.c
                  __pa_76   0x0033fe    program     static D:\Projects\EggBot-GH\EBB_firmware\app.X\source\UBW.c
                  __pa_76   0x00574e    program     static D:\Projects\EggBot-GH\EBB_firmware\app.X\source\ebb.c
                  __pa_77   0x005758    program     static D:\Projects\EggBot-GH\EBB_firmware\app.X\source\ebb.c
                  __pa_77   0x00340c    program     static D:\Projects\EggBot-GH\EBB_firmware\app.X\source\UBW.c
                  __pa_78   0x003416    program     static D:\Projects\EggBot-GH\EBB_firmware\app.X\source\UBW.c
                  __pa_78   0x005762    program     static D:\Projects\EggBot-GH\EBB_firmware\app.X\source\ebb.c
                  __pa_79   0x00576a    program     static D:\Projects\EggBot-GH\EBB_firmware\app.X\source\ebb.c
                  __pa_79   0x003420    program     static D:\Projects\EggBot-GH\EBB_firmware\app.X\source\UBW.c
                   __pa_8   0x006644    program     static D:\Projects\EggBot-GH\EBB_firmware\Microchip\USB\usb_device.c
                   __pa_8   0x008bca    program     static D:\Projects\EggBot-GH\EBB_firmware\app.X\source\RCServo2.c
                   __pa_8   0x0071f6    program     static E:\3.46\pic18-lt\cxx-framework\src\traditional\stdclib\vfprintf.c
                   __pa_8   0x008800    program     static D:\Projects\EggBot-GH\EBB_firmware\Microchip\USB\CDC Device Driver\usb_function_cdc.c
                   __pa_8   0x008ebc    program     static D:\Projects\EggBot-GH\EBB_firmware\app.X\source\spi.c
                   __pa_8   0x005280    program     static D:\Projects\EggBot-GH\EBB_firmware\app.X\source\ebb.c
                   __pa_8   0x00844a    program     static E:\3.46\pic18-lt\cxx-framework\src\traditional\stdclib\sqrt.c
                   __pa_8   0x0030d2    program     static D:\Projects\EggBot-GH\EBB_firmware\app.X\source\UBW.c
                  __pa_80   0x00342e    program     static D:\Projects\EggBot-GH\EBB_firmware\app.X\source\UBW.c
                  __pa_80   0x005774    program     static D:\Projects\EggBot-GH\EBB_firmware\app.X\source\ebb.c
                  __pa_81   0x00577c    program     static D:\Projects\EggBot-GH\EBB_firmware\app.X\source\ebb.c
                  __pa_81   0x00343a    program     static D:\Projects\EggBot-GH\EBB_firmware\app.X\source\UBW.c
                  __pa_82   0x005792    program     static D:\Projects\EggBot-GH\EBB_firmware\app.X\source\ebb.c
                  __pa_82   0x003444    program     static D:\Projects\EggBot-GH\EBB_firmware\app.X\source\UBW.c
                  __pa_83   0x003450    program     static D:\Projects\EggBot-GH\EBB_firmware\app.X\source\UBW.c
                  __pa_83   0x0057a4    program     static D:\Projects\EggBot-GH\EBB_firmware\app.X\source\ebb.c
                  __pa_84   0x00345a    program     static D:\Projects\EggBot-GH\EBB_firmware\app.X\source\UBW.c
                  __pa_84   0x0057b6    program     static D:\Projects\EggBot-GH\EBB_firmware\app.X\source\ebb.c
                  __pa_85   0x003468    program     static D:\Projects\EggBot-GH\EBB_firmware\app.X\source\UBW.c
                  __pa_85   0x0057ce    program     static D:\Projects\EggBot-GH\EBB_firmware\app.X\source\ebb.c
                  __pa_86   0x0057e6    program     static D:\Projects\EggBot-GH\EBB_firmware\app.X\source\ebb.c
                  __pa_86   0x003474    program     static D:\Projects\EggBot-GH\EBB_firmware\app.X\source\UBW.c
                  __pa_87   0x003480    program     static D:\Projects\EggBot-GH\EBB_firmware\app.X\source\UBW.c
                  __pa_87   0x0057fe    program     static D:\Projects\EggBot-GH\EBB_firmware\app.X\source\ebb.c
                  __pa_88   0x00348c    program     static D:\Projects\EggBot-GH\EBB_firmware\app.X\source\UBW.c
                  __pa_88   0x005812    program     static D:\Projects\EggBot-GH\EBB_firmware\app.X\source\ebb.c
                  __pa_89   0x005824    program     static D:\Projects\EggBot-GH\EBB_firmware\app.X\source\ebb.c
                  __pa_89   0x003494    program     static D:\Projects\EggBot-GH\EBB_firmware\app.X\source\UBW.c
                   __pa_9   0x00880e    program     static D:\Projects\EggBot-GH\EBB_firmware\Microchip\USB\CDC Device Driver\usb_function_cdc.c
                   __pa_9   0x008454    program     static E:\3.46\pic18-lt\cxx-framework\src\traditional\stdclib\sqrt.c
                   __pa_9   0x005286    program     static D:\Projects\EggBot-GH\EBB_firmware\app.X\source\ebb.c
                   __pa_9   0x008eca    program     static D:\Projects\EggBot-GH\EBB_firmware\app.X\source\spi.c
                   __pa_9   0x007218    program     static E:\3.46\pic18-lt\cxx-framework\src\traditional\stdclib\vfprintf.c
                   __pa_9   0x00664e    program     static D:\Projects\EggBot-GH\EBB_firmware\Microchip\USB\usb_device.c
                   __pa_9   0x0030d8    program     static D:\Projects\EggBot-GH\EBB_firmware\app.X\source\UBW.c
                   __pa_9   0x008bd4    program     static D:\Projects\EggBot-GH\EBB_firmware\app.X\source\RCServo2.c
                  __pa_90   0x00349e    program     static D:\Projects\EggBot-GH\EBB_firmware\app.X\source\UBW.c
                  __pa_90   0x00582e    program     static D:\Projects\EggBot-GH\EBB_firmware\app.X\source\ebb.c
                  __pa_91   0x0034a6    program     static D:\Projects\EggBot-GH\EBB_firmware\app.X\source\UBW.c
                  __pa_91   0x005848    program     static D:\Projects\EggBot-GH\EBB_firmware\app.X\source\ebb.c
                  __pa_92   0x0034ae    program     static D:\Projects\EggBot-GH\EBB_firmware\app.X\source\UBW.c
                  __pa_92   0x00585c    program     static D:\Projects\EggBot-GH\EBB_firmware\app.X\source\ebb.c
                  __pa_93   0x005866    program     static D:\Projects\EggBot-GH\EBB_firmware\app.X\source\ebb.c
                  __pa_93   0x0034b6    program     static D:\Projects\EggBot-GH\EBB_firmware\app.X\source\UBW.c
                  __pa_94   0x00586a    program     static D:\Projects\EggBot-GH\EBB_firmware\app.X\source\ebb.c
                  __pa_94   0x0034be    program     static D:\Projects\EggBot-GH\EBB_firmware\app.X\source\UBW.c
                  __pa_95   0x00587c    program     static D:\Projects\EggBot-GH\EBB_firmware\app.X\source\ebb.c
                  __pa_95   0x0034c8    program     static D:\Projects\EggBot-GH\EBB_firmware\app.X\source\UBW.c
                  __pa_96   0x005894    program     static D:\Projects\EggBot-GH\EBB_firmware\app.X\source\ebb.c
                  __pa_96   0x0034d2    program     static D:\Projects\EggBot-GH\EBB_firmware\app.X\source\UBW.c
                  __pa_97   0x0034d8    program     static D:\Projects\EggBot-GH\EBB_firmware\app.X\source\UBW.c
                  __pa_97   0x0058ac    program     static D:\Projects\EggBot-GH\EBB_firmware\app.X\source\ebb.c
                  __pa_98   0x0034e0    program     static D:\Projects\EggBot-GH\EBB_firmware\app.X\source\UBW.c
                  __pa_98   0x0058c4    program     static D:\Projects\EggBot-GH\EBB_firmware\app.X\source\ebb.c
                  __pa_99   0x0058dc    program     static D:\Projects\EggBot-GH\EBB_firmware\app.X\source\ebb.c
                  __pa_99   0x0034f0    program     static D:\Projects\EggBot-GH\EBB_firmware\app.X\source\UBW.c
               __string_0   0x007d70    program     static D:\Projects\EggBot-GH\EBB_firmware\app.X\source\ebb.c
               __string_0   0x007da7    program     static D:\Projects\EggBot-GH\EBB_firmware\app.X\source\RCServo2.c
               __string_0   0x008015    program     static D:\Projects\EggBot-GH\EBB_firmware\app.X\source\spi.c
               __string_1   0x008012    program     static D:\Projects\EggBot-GH\EBB_firmware\app.X\source\UBW.c
               __string_1   0x007d42    program     static D:\Projects\EggBot-GH\EBB_firmware\app.X\source\ebb.c
               __string_1   0x007da0    program     static D:\Projects\EggBot-GH\EBB_firmware\app.X\source\RCServo2.c
              __string_10   0x007f84    program     static D:\Projects\EggBot-GH\EBB_firmware\app.X\source\UBW.c
              __string_10   0x007bb5    program     static D:\Projects\EggBot-GH\EBB_firmware\app.X\source\ebb.c
              __string_11   0x007b85    program     static D:\Projects\EggBot-GH\EBB_firmware\app.X\source\ebb.c
              __string_11   0x007f63    program     static D:\Projects\EggBot-GH\EBB_firmware\app.X\source\UBW.c
              __string_12   0x007f4a    program     static D:\Projects\EggBot-GH\EBB_firmware\app.X\source\UBW.c
              __string_12   0x007b5f    program     static D:\Projects\EggBot-GH\EBB_firmware\app.X\source\ebb.c
              __string_13   0x007f27    program     static D:\Projects\EggBot-GH\EBB_firmware\app.X\source\UBW.c
              __string_13   0x007b2a    program     static D:\Projects\EggBot-GH\EBB_firmware\app.X\source\ebb.c
              __string_14   0x007aff    program     static D:\Projects\EggBot-GH\EBB_firmware\app.X\source\ebb.c
              __string_14   0x007eff    program     static D:\Projects\EggBot-GH\EBB_firmware\app.X\source\UBW.c
              __string_15   0x007ee2    program     static D:\Projects\EggBot-GH\EBB_firmware\app.X\source\UBW.c
              __string_15   0x007aca    program     static D:\Projects\EggBot-GH\EBB_firmware\app.X\source\ebb.c
              __string_16   0x007ee0    program     static D:\Projects\EggBot-GH\EBB_firmware\app.X\source\UBW.c
              __string_16   0x007a9f    program     static D:\Projects\EggBot-GH\EBB_firmware\app.X\source\ebb.c
              __string_17   0x007a8a    program     static D:\Projects\EggBot-GH\EBB_firmware\app.X\source\ebb.c
              __string_17   0x007ed5    program     static D:\Projects\EggBot-GH\EBB_firmware\app.X\source\UBW.c
              __string_18   0x007ecb    program     static D:\Projects\EggBot-GH\EBB_firmware\app.X\source\UBW.c
              __string_18   0x007a85    program     static D:\Projects\EggBot-GH\EBB_firmware\app.X\source\ebb.c
              __string_19   0x007ec2    program     static D:\Projects\EggBot-GH\EBB_firmware\app.X\source\UBW.c
              __string_19   0x007a7c    program     static D:\Projects\EggBot-GH\EBB_firmware\app.X\source\ebb.c
               __string_2   0x007d18    program     static D:\Projects\EggBot-GH\EBB_firmware\app.X\source\ebb.c
              __string_20   0x007ebc    program     static D:\Projects\EggBot-GH\EBB_firmware\app.X\source\UBW.c
              __string_20   0x007a75    program     static D:\Projects\EggBot-GH\EBB_firmware\app.X\source\ebb.c
              __string_21   0x007eb0    program     static D:\Projects\EggBot-GH\EBB_firmware\app.X\source\UBW.c
              __string_21   0x007a6f    program     static D:\Projects\EggBot-GH\EBB_firmware\app.X\source\ebb.c
              __string_22   0x007a63    program     static D:\Projects\EggBot-GH\EBB_firmware\app.X\source\ebb.c
              __string_22   0x007ea4    program     static D:\Projects\EggBot-GH\EBB_firmware\app.X\source\UBW.c
              __string_23   0x007e98    program     static D:\Projects\EggBot-GH\EBB_firmware\app.X\source\UBW.c
              __string_23   0x007a52    program     static D:\Projects\EggBot-GH\EBB_firmware\app.X\source\ebb.c
              __string_24   0x007e8c    program     static D:\Projects\EggBot-GH\EBB_firmware\app.X\source\UBW.c
              __string_24   0x007a48    program     static D:\Projects\EggBot-GH\EBB_firmware\app.X\source\ebb.c
              __string_25   0x007e7f    program     static D:\Projects\EggBot-GH\EBB_firmware\app.X\source\UBW.c
              __string_26   0x007e72    program     static D:\Projects\EggBot-GH\EBB_firmware\app.X\source\UBW.c
              __string_27   0x007e66    program     static D:\Projects\EggBot-GH\EBB_firmware\app.X\source\UBW.c
              __string_28   0x007e5a    program     static D:\Projects\EggBot-GH\EBB_firmware\app.X\source\UBW.c
              __string_29   0x007e4d    program     static D:\Projects\EggBot-GH\EBB_firmware\app.X\source\UBW.c
               __string_3   0x008006    program     static D:\Projects\EggBot-GH\EBB_firmware\app.X\source\UBW.c
               __string_3   0x007cf0    program     static D:\Projects\EggBot-GH\EBB_firmware\app.X\source\ebb.c
              __string_30   0x007e48    program     static D:\Projects\EggBot-GH\EBB_firmware\app.X\source\UBW.c
              __string_31   0x007e21    program     static D:\Projects\EggBot-GH\EBB_firmware\app.X\source\UBW.c
              __string_32   0x007e1c    program     static D:\Projects\EggBot-GH\EBB_firmware\app.X\source\UBW.c
              __string_33   0x007df6    program     static D:\Projects\EggBot-GH\EBB_firmware\app.X\source\UBW.c
              __string_34   0x007dcc    program     static D:\Projects\EggBot-GH\EBB_firmware\app.X\source\UBW.c
[...]
                   EECON2   0x000fa7       data     extern E:\3.46\pic18-lt\cxx-framework\src\traditional\proc\p18f46j50.asm
                   TXSTA2   0x000fa8       data     extern E:\3.46\pic18-lt\cxx-framework\src\traditional\proc\p18f46j50.asm
               TXSTA2bits   0x000fa8       data     extern E:\3.46\pic18-lt\cxx-framework\src\traditional\proc\p18f46j50.asm
                   TXREG2   0x000fa9       data     extern E:\3.46\pic18-lt\cxx-framework\src\traditional\proc\p18f46j50.asm
                   RCREG2   0x000faa       data     extern E:\3.46\pic18-lt\cxx-framework\src\traditional\proc\p18f46j50.asm
                   SPBRG2   0x000fab       data     extern E:\3.46\pic18-lt\cxx-framework\src\traditional\proc\p18f46j50.asm
                    RCSTA   0x000fac       data     extern E:\3.46\pic18-lt\cxx-framework\src\traditional\proc\p18f46j50.asm
                   RCSTA1   0x000fac       data     extern E:\3.46\pic18-lt\cxx-framework\src\traditional\proc\p18f46j50.asm
               RCSTA1bits   0x000fac       data     extern E:\3.46\pic18-lt\cxx-framework\src\traditional\proc\p18f46j50.asm
                RCSTAbits   0x000fac       data     extern E:\3.46\pic18-lt\cxx-framework\src\traditional\proc\p18f46j50.asm
                TXSTAbits   0x000fad       data     extern E:\3.46\pic18-lt\cxx-framework\src\traditional\proc\p18f46j50.asm
               TXSTA1bits   0x000fad       data     extern E:\3.46\pic18-lt\cxx-framework\src\traditional\proc\p18f46j50.asm
                   TXSTA1   0x000fad       data     extern E:\3.46\pic18-lt\cxx-framework\src\traditional\proc\p18f46j50.asm
                    TXSTA   0x000fad       data     extern E:\3.46\pic18-lt\cxx-framework\src\traditional\proc\p18f46j50.asm
                   TXREG1   0x000fae       data     extern E:\3.46\pic18-lt\cxx-framework\src\traditional\proc\p18f46j50.asm
                    TXREG   0x000fae       data     extern E:\3.46\pic18-lt\cxx-framework\src\traditional\proc\p18f46j50.asm
                   RCREG1   0x000faf       data     extern E:\3.46\pic18-lt\cxx-framework\src\traditional\proc\p18f46j50.asm
                    RCREG   0x000faf       data     extern E:\3.46\pic18-lt\cxx-framework\src\traditional\proc\p18f46j50.asm
                    SPBRG   0x000fb0       data     extern E:\3.46\pic18-lt\cxx-framework\src\traditional\proc\p18f46j50.asm
                   SPBRG1   0x000fb0       data     extern E:\3.46\pic18-lt\cxx-framework\src\traditional\proc\p18f46j50.asm
             CTMUICONbits   0x000fb1       data     extern E:\3.46\pic18-lt\cxx-framework\src\traditional\proc\p18f46j50.asm
                 CTMUICON   0x000fb1       data     extern E:\3.46\pic18-lt\cxx-framework\src\traditional\proc\p18f46j50.asm
             CTMUCONLbits   0x000fb2       data     extern E:\3.46\pic18-lt\cxx-framework\src\traditional\proc\p18f46j50.asm
                 CTMUCONL   0x000fb2       data     extern E:\3.46\pic18-lt\cxx-framework\src\traditional\proc\p18f46j50.asm
             CTMUCONHbits   0x000fb3       data     extern E:\3.46\pic18-lt\cxx-framework\src\traditional\proc\p18f46j50.asm
                 CTMUCONH   0x000fb3       data     extern E:\3.46\pic18-lt\cxx-framework\src\traditional\proc\p18f46j50.asm
                 ECCP2CON   0x000fb4       data     extern E:\3.46\pic18-lt\cxx-framework\src\traditional\proc\p18f46j50.asm
             ECCP2CONbits   0x000fb4       data     extern E:\3.46\pic18-lt\cxx-framework\src\traditional\proc\p18f46j50.asm
              CCP2CONbits   0x000fb4       data     extern E:\3.46\pic18-lt\cxx-framework\src\traditional\proc\p18f46j50.asm
                  CCP2CON   0x000fb4       data     extern E:\3.46\pic18-lt\cxx-framework\src\traditional\proc\p18f46j50.asm
                   CCPR2L   0x000fb5       data     extern E:\3.46\pic18-lt\cxx-framework\src\traditional\proc\p18f46j50.asm
                    CCPR2   0x000fb5       data     extern E:\3.46\pic18-lt\cxx-framework\src\traditional\proc\p18f46j50.asm
                   CCPR2H   0x000fb6       data     extern E:\3.46\pic18-lt\cxx-framework\src\traditional\proc\p18f46j50.asm
              PWM2CONbits   0x000fb7       data     extern E:\3.46\pic18-lt\cxx-framework\src\traditional\proc\p18f46j50.asm
                  PWM2CON   0x000fb7       data     extern E:\3.46\pic18-lt\cxx-framework\src\traditional\proc\p18f46j50.asm
             ECCP2DELbits   0x000fb7       data     extern E:\3.46\pic18-lt\cxx-framework\src\traditional\proc\p18f46j50.asm
                 ECCP2DEL   0x000fb7       data     extern E:\3.46\pic18-lt\cxx-framework\src\traditional\proc\p18f46j50.asm
              ECCP2ASbits   0x000fb8       data     extern E:\3.46\pic18-lt\cxx-framework\src\traditional\proc\p18f46j50.asm
                  ECCP2AS   0x000fb8       data     extern E:\3.46\pic18-lt\cxx-framework\src\traditional\proc\p18f46j50.asm
             PSTR2CONbits   0x000fb9       data     extern E:\3.46\pic18-lt\cxx-framework\src\traditional\proc\p18f46j50.asm
                 PSTR2CON   0x000fb9       data     extern E:\3.46\pic18-lt\cxx-framework\src\traditional\proc\p18f46j50.asm
                 ECCP1CON   0x000fba       data     extern E:\3.46\pic18-lt\cxx-framework\src\traditional\proc\p18f46j50.asm
             ECCP1CONbits   0x000fba       data     extern E:\3.46\pic18-lt\cxx-framework\src\traditional\proc\p18f46j50.asm
              CCP1CONbits   0x000fba       data     extern E:\3.46\pic18-lt\cxx-framework\src\traditional\proc\p18f46j50.asm
                  CCP1CON   0x000fba       data     extern E:\3.46\pic18-lt\cxx-framework\src\traditional\proc\p18f46j50.asm
                    CCPR1   0x000fbb       data     extern E:\3.46\pic18-lt\cxx-framework\src\traditional\proc\p18f46j50.asm
                   CCPR1L   0x000fbb       data     extern E:\3.46\pic18-lt\cxx-framework\src\traditional\proc\p18f46j50.asm
                   CCPR1H   0x000fbc       data     extern E:\3.46\pic18-lt\cxx-framework\src\traditional\proc\p18f46j50.asm
             ECCP1DELbits   0x000fbd       data     extern E:\3.46\pic18-lt\cxx-framework\src\traditional\proc\p18f46j50.asm
                 ECCP1DEL   0x000fbd       data     extern E:\3.46\pic18-lt\cxx-framework\src\traditional\proc\p18f46j50.asm
                  PWM1CON   0x000fbd       data     extern E:\3.46\pic18-lt\cxx-framework\src\traditional\proc\p18f46j50.asm
              PWM1CONbits   0x000fbd       data     extern E:\3.46\pic18-lt\cxx-framework\src\traditional\proc\p18f46j50.asm
                  ECCP1AS   0x000fbe       data     extern E:\3.46\pic18-lt\cxx-framework\src\traditional\proc\p18f46j50.asm
              ECCP1ASbits   0x000fbe       data     extern E:\3.46\pic18-lt\cxx-framework\src\traditional\proc\p18f46j50.asm
                 PSTR1CON   0x000fbf       data     extern E:\3.46\pic18-lt\cxx-framework\src\traditional\proc\p18f46j50.asm
             PSTR1CONbits   0x000fbf       data     extern E:\3.46\pic18-lt\cxx-framework\src\traditional\proc\p18f46j50.asm
                   WDTCON   0x000fc0       data     extern E:\3.46\pic18-lt\cxx-framework\src\traditional\proc\p18f46j50.asm
               WDTCONbits   0x000fc0       data     extern E:\3.46\pic18-lt\cxx-framework\src\traditional\proc\p18f46j50.asm
               ADCON1bits   0x000fc1       data     extern E:\3.46\pic18-lt\cxx-framework\src\traditional\proc\p18f46j50.asm
                   ADCON1   0x000fc1       data     extern E:\3.46\pic18-lt\cxx-framework\src\traditional\proc\p18f46j50.asm
               ADCON0bits   0x000fc2       data     extern E:\3.46\pic18-lt\cxx-framework\src\traditional\proc\p18f46j50.asm
                   ADCON0   0x000fc2       data     extern E:\3.46\pic18-lt\cxx-framework\src\traditional\proc\p18f46j50.asm
                    ADRES   0x000fc3       data     extern E:\3.46\pic18-lt\cxx-framework\src\traditional\proc\p18f46j50.asm
                   ADRESL   0x000fc3       data     extern E:\3.46\pic18-lt\cxx-framework\src\traditional\proc\p18f46j50.asm
                   ADRESH   0x000fc4       data     extern E:\3.46\pic18-lt\cxx-framework\src\traditional\proc\p18f46j50.asm
                  SSPCON2   0x000fc5       data     extern E:\3.46\pic18-lt\cxx-framework\src\traditional\proc\p18f46j50.asm
              SSPCON2bits   0x000fc5       data     extern E:\3.46\pic18-lt\cxx-framework\src\traditional\proc\p18f46j50.asm
                 SSP1CON2   0x000fc5       data     extern E:\3.46\pic18-lt\cxx-framework\src\traditional\proc\p18f46j50.asm
             SSP1CON2bits   0x000fc5       data     extern E:\3.46\pic18-lt\cxx-framework\src\traditional\proc\p18f46j50.asm
             SSP1CON1bits   0x000fc6       data     extern E:\3.46\pic18-lt\cxx-framework\src\traditional\proc\p18f46j50.asm
                  SSPCON1   0x000fc6       data     extern E:\3.46\pic18-lt\cxx-framework\src\traditional\proc\p18f46j50.asm
              SSPCON1bits   0x000fc6       data     extern E:\3.46\pic18-lt\cxx-framework\src\traditional\proc\p18f46j50.asm
                 SSP1CON1   0x000fc6       data     extern E:\3.46\pic18-lt\cxx-framework\src\traditional\proc\p18f46j50.asm
                 SSP1STAT   0x000fc7       data     extern E:\3.46\pic18-lt\cxx-framework\src\traditional\proc\p18f46j50.asm
             SSP1STATbits   0x000fc7       data     extern E:\3.46\pic18-lt\cxx-framework\src\traditional\proc\p18f46j50.asm
              SSPSTATbits   0x000fc7       data     extern E:\3.46\pic18-lt\cxx-framework\src\traditional\proc\p18f46j50.asm
                  SSPSTAT   0x000fc7       data     extern E:\3.46\pic18-lt\cxx-framework\src\traditional\proc\p18f46j50.asm
              SSP1ADDbits   0x000fc8       data     extern E:\3.46\pic18-lt\cxx-framework\src\traditional\proc\p18f46j50.asm
                  SSP1ADD   0x000fc8       data     extern E:\3.46\pic18-lt\cxx-framework\src\traditional\proc\p18f46j50.asm
                   SSPADD   0x000fc8       data     extern E:\3.46\pic18-lt\cxx-framework\src\traditional\proc\p18f46j50.asm
               SSPADDbits   0x000fc8       data     extern E:\3.46\pic18-lt\cxx-framework\src\traditional\proc\p18f46j50.asm
                  SSP1BUF   0x000fc9       data     extern E:\3.46\pic18-lt\cxx-framework\src\traditional\proc\p18f46j50.asm
                   SSPBUF   0x000fc9       data     extern E:\3.46\pic18-lt\cxx-framework\src\traditional\proc\p18f46j50.asm
                    T2CON   0x000fca       data     extern E:\3.46\pic18-lt\cxx-framework\src\traditional\proc\p18f46j50.asm
                T2CONbits   0x000fca       data     extern E:\3.46\pic18-lt\cxx-framework\src\traditional\proc\p18f46j50.asm
                      PR2   0x000fcb       data     extern E:\3.46\pic18-lt\cxx-framework\src\traditional\proc\p18f46j50.asm
                     TMR2   0x000fcc       data     extern E:\3.46\pic18-lt\cxx-framework\src\traditional\proc\p18f46j50.asm
                    T1CON   0x000fcd       data     extern E:\3.46\pic18-lt\cxx-framework\src\traditional\proc\p18f46j50.asm
                T1CONbits   0x000fcd       data     extern E:\3.46\pic18-lt\cxx-framework\src\traditional\proc\p18f46j50.asm
                    TMR1L   0x000fce       data     extern E:\3.46\pic18-lt\cxx-framework\src\traditional\proc\p18f46j50.asm
                    TMR1H   0x000fcf       data     extern E:\3.46\pic18-lt\cxx-framework\src\traditional\proc\p18f46j50.asm
                     RCON   0x000fd0       data     extern E:\3.46\pic18-lt\cxx-framework\src\traditional\proc\p18f46j50.asm
                 RCONbits   0x000fd0       data     extern E:\3.46\pic18-lt\cxx-framework\src\traditional\proc\p18f46j50.asm
               CM2CONbits   0x000fd1       data     extern E:\3.46\pic18-lt\cxx-framework\src\traditional\proc\p18f46j50.asm
              CM2CON1bits   0x000fd1       data     extern E:\3.46\pic18-lt\cxx-framework\src\traditional\proc\p18f46j50.asm
                  CM2CON1   0x000fd1       data     extern E:\3.46\pic18-lt\cxx-framework\src\traditional\proc\p18f46j50.asm
                   CM2CON   0x000fd1       data     extern E:\3.46\pic18-lt\cxx-framework\src\traditional\proc\p18f46j50.asm
               CM1CONbits   0x000fd2       data     extern E:\3.46\pic18-lt\cxx-framework\src\traditional\proc\p18f46j50.asm
              CM1CON1bits   0x000fd2       data     extern E:\3.46\pic18-lt\cxx-framework\src\traditional\proc\p18f46j50.asm
                  CM1CON1   0x000fd2       data     extern E:\3.46\pic18-lt\cxx-framework\src\traditional\proc\p18f46j50.asm
                   CM1CON   0x000fd2       data     extern E:\3.46\pic18-lt\cxx-framework\src\traditional\proc\p18f46j50.asm
               OSCCONbits   0x000fd3       data     extern E:\3.46\pic18-lt\cxx-framework\src\traditional\proc\p18f46j50.asm
                   OSCCON   0x000fd3       data     extern E:\3.46\pic18-lt\cxx-framework\src\traditional\proc\p18f46j50.asm
                T0CONbits   0x000fd5       data     extern E:\3.46\pic18-lt\cxx-framework\src\traditional\proc\p18f46j50.asm
                    T0CON   0x000fd5       data     extern E:\3.46\pic18-lt\cxx-framework\src\traditional\proc\p18f46j50.asm
                    TMR0L   0x000fd6       data     extern E:\3.46\pic18-lt\cxx-framework\src\traditional\proc\p18f46j50.asm
                    TMR0H   0x000fd7       data     extern E:\3.46\pic18-lt\cxx-framework\src\traditional\proc\p18f46j50.asm
               STATUSbits   0x000fd8       data     extern E:\3.46\pic18-lt\cxx-framework\src\traditional\proc\p18f46j50.asm
                   STATUS   0x000fd8       data     extern E:\3.46\pic18-lt\cxx-framework\src\traditional\proc\p18f46j50.asm
                     FSR2   0x000fd9       data     extern E:\3.46\pic18-lt\cxx-framework\src\traditional\proc\p18f46j50.asm
                    FSR2L   0x000fd9       data     extern E:\3.46\pic18-lt\cxx-framework\src\traditional\proc\p18f46j50.asm
                    FSR2H   0x000fda       data     extern E:\3.46\pic18-lt\cxx-framework\src\traditional\proc\p18f46j50.asm
                   PLUSW2   0x000fdb       data     extern E:\3.46\pic18-lt\cxx-framework\src\traditional\proc\p18f46j50.asm
                  PREINC2   0x000fdc       data     extern E:\3.46\pic18-lt\cxx-framework\src\traditional\proc\p18f46j50.asm
                 POSTDEC2   0x000fdd       data     extern E:\3.46\pic18-lt\cxx-framework\src\traditional\proc\p18f46j50.asm
                 POSTINC2   0x000fde       data     extern E:\3.46\pic18-lt\cxx-framework\src\traditional\proc\p18f46j50.asm
                    INDF2   0x000fdf       data     extern E:\3.46\pic18-lt\cxx-framework\src\traditional\proc\p18f46j50.asm
                      BSR   0x000fe0       data     extern E:\3.46\pic18-lt\cxx-framework\src\traditional\proc\p18f46j50.asm
                     FSR1   0x000fe1       data     extern E:\3.46\pic18-lt\cxx-framework\src\traditional\proc\p18f46j50.asm
                    FSR1L   0x000fe1       data     extern E:\3.46\pic18-lt\cxx-framework\src\traditional\proc\p18f46j50.asm
                    FSR1H   0x000fe2       data     extern E:\3.46\pic18-lt\cxx-framework\src\traditional\proc\p18f46j50.asm
                   PLUSW1   0x000fe3       data     extern E:\3.46\pic18-lt\cxx-framework\src\traditional\proc\p18f46j50.asm
                  PREINC1   0x000fe4       data     extern E:\3.46\pic18-lt\cxx-framework\src\traditional\proc\p18f46j50.asm
                 POSTDEC1   0x000fe5       data     extern E:\3.46\pic18-lt\cxx-framework\src\traditional\proc\p18f46j50.asm
                 POSTINC1   0x000fe6       data     extern E:\3.46\pic18-lt\cxx-framework\src\traditional\proc\p18f46j50.asm
                    INDF1   0x000fe7       data     extern E:\3.46\pic18-lt\cxx-framework\src\traditional\proc\p18f46j50.asm
                     WREG   0x000fe8       data     extern E:\3.46\pic18-lt\cxx-framework\src\traditional\proc\p18f46j50.asm
                    FSR0L   0x000fe9       data     extern E:\3.46\pic18-lt\cxx-framework\src\traditional\proc\p18f46j50.asm
                     FSR0   0x000fe9       data     extern E:\3.46\pic18-lt\cxx-framework\src\traditional\proc\p18f46j50.asm
                    FSR0H   0x000fea       data     extern E:\3.46\pic18-lt\cxx-framework\src\traditional\proc\p18f46j50.asm
                   PLUSW0   0x000feb       data     extern E:\3.46\pic18-lt\cxx-framework\src\traditional\proc\p18f46j50.asm
                  PREINC0   0x000fec       data     extern E:\3.46\pic18-lt\cxx-framework\src\traditional\proc\p18f46j50.asm
                 POSTDEC0   0x000fed       data     extern E:\3.46\pic18-lt\cxx-framework\src\traditional\proc\p18f46j50.asm
                 POSTINC0   0x000fee       data     extern E:\3.46\pic18-lt\cxx-framework\src\traditional\proc\p18f46j50.asm
                    INDF0   0x000fef       data     extern E:\3.46\pic18-lt\cxx-framework\src\traditional\proc\p18f46j50.asm
                  INTCON3   0x000ff0       data     extern E:\3.46\pic18-lt\cxx-framework\src\traditional\proc\p18f46j50.asm
              INTCON3bits   0x000ff0       data     extern E:\3.46\pic18-lt\cxx-framework\src\traditional\proc\p18f46j50.asm
              INTCON2bits   0x000ff1       data     extern E:\3.46\pic18-lt\cxx-framework\src\traditional\proc\p18f46j50.asm
                  INTCON2   0x000ff1       data     extern E:\3.46\pic18-lt\cxx-framework\src\traditional\proc\p18f46j50.asm
                   INTCON   0x000ff2       data     extern E:\3.46\pic18-lt\cxx-framework\src\traditional\proc\p18f46j50.asm
               INTCONbits   0x000ff2       data     extern E:\3.46\pic18-lt\cxx-framework\src\traditional\proc\p18f46j50.asm
                    PRODL   0x000ff3       data     extern E:\3.46\pic18-lt\cxx-framework\src\traditional\proc\p18f46j50.asm
                     PROD   0x000ff3       data     extern E:\3.46\pic18-lt\cxx-framework\src\traditional\proc\p18f46j50.asm
                    PRODH   0x000ff4       data     extern E:\3.46\pic18-lt\cxx-framework\src\traditional\proc\p18f46j50.asm
                   TABLAT   0x000ff5       data     extern E:\3.46\pic18-lt\cxx-framework\src\traditional\proc\p18f46j50.asm
                  TBLPTRL   0x000ff6       data     extern E:\3.46\pic18-lt\cxx-framework\src\traditional\proc\p18f46j50.asm
                   TBLPTR   0x000ff6       data     extern E:\3.46\pic18-lt\cxx-framework\src\traditional\proc\p18f46j50.asm
                  TBLPTRH   0x000ff7       data     extern E:\3.46\pic18-lt\cxx-framework\src\traditional\proc\p18f46j50.asm
                  TBLPTRU   0x000ff8       data     extern E:\3.46\pic18-lt\cxx-framework\src\traditional\proc\p18f46j50.asm
                      PCL   0x000ff9       data     extern E:\3.46\pic18-lt\cxx-framework\src\traditional\proc\p18f46j50.asm
                       PC   0x000ff9       data     extern E:\3.46\pic18-lt\cxx-framework\src\traditional\proc\p18f46j50.asm
                   PCLATH   0x000ffa       data     extern E:\3.46\pic18-lt\cxx-framework\src\traditional\proc\p18f46j50.asm
                   PCLATU   0x000ffb       data     extern E:\3.46\pic18-lt\cxx-framework\src\traditional\proc\p18f46j50.asm
               STKPTRbits   0x000ffc       data     extern E:\3.46\pic18-lt\cxx-framework\src\traditional\proc\p18f46j50.asm
                   STKPTR   0x000ffc       data     extern E:\3.46\pic18-lt\cxx-framework\src\traditional\proc\p18f46j50.asm
                      TOS   0x000ffd       data     extern E:\3.46\pic18-lt\cxx-framework\src\traditional\proc\p18f46j50.asm
                     TOSL   0x000ffd       data     extern E:\3.46\pic18-lt\cxx-framework\src\traditional\proc\p18f46j50.asm
                     TOSH   0x000ffe       data     extern E:\3.46\pic18-lt\cxx-framework\src\traditional\proc\p18f46j50.asm
                     TOSU   0x000fff       data     extern E:\3.46\pic18-lt\cxx-framework\src\traditional\proc\p18f46j50.asm


